[www.pdai.tech/index.html]
[backblue.gif]
[fade.gif]
[index.html]
[www.pdai.tech/favicon.ico]
[hm.baidu.com/hma448.js]
[pagead2.googlesyndication.com/pagead/js/f.txt]
[www.pdai.tech/assets/css/0.styles.d4bb5489.css]
[www.pdai.tech/assets/js/4.2e3efdf6.js]
[www.pdai.tech/assets/js/3.d77b006c.js]
[www.pdai.tech/assets/js/app.691e72ae.js]
[www.pdai.tech/assets/js/24.1137fd2a.js]
[www.pdai.tech/md/resource/tools.html]
[www.pdai.tech/md/outline/x-outline.html]
[www.pdai.tech/md/java/basic/java-basic-oop.html]
[www.pdai.tech/md/java/basic/java-basic-lan-basic.html]
[www.pdai.tech/md/java/collection/java-collection-all.html]
[www.pdai.tech/md/java/thread/java-thread-x-overview.html]
[www.pdai.tech/md/java/thread/java-thread-x-theorty.html]
[www.pdai.tech/md/java/thread/java-thread-x-thread-basic.html]
[www.pdai.tech/md/java/thread/java-thread-x-juc-overview.html]
[www.pdai.tech/md/java/io/java-io-overview.html]
[www.pdai.tech/md/java/java8/java8.html]
[www.pdai.tech/md/java/java8up/java-8-up-overview.html]
[www.pdai.tech/md/java/jvm/java-jvm-classload.html]
[www.pdai.tech/md/java/jvm/java-jvm-struct.html]
[www.pdai.tech/md/java/jvm/java-jvm-gc.html]
[www.pdai.tech/md/java/jvm/java-jvm-debug-tools-linux.html]
[www.pdai.tech/md/algorithm/alg-basic-overview.html]
[www.pdai.tech/md/algorithm/alg-sort-overview.html]
[www.pdai.tech/md/algorithm/alg-core-divide-and-conquer.html]
[www.pdai.tech/md/algorithm/alg-domain-security-degist.html]
[www.pdai.tech/md/algorithm/alg-domain-char-match.html]
[www.pdai.tech/md/algorithm/alg-domain-distribute-overview.html]
[www.pdai.tech/md/algorithm/alg-domain-bigdata-overview.html]
[www.pdai.tech/md/algorithm/alg-domain-load-balance.html]
[www.pdai.tech/md/algorithm/alg-domain-suggest.html]
[www.pdai.tech/md/algorithm/alg-domain-machine.html]
[www.pdai.tech/md/algorithm/alg-domain-id-snowflake.html]
[www.pdai.tech/md/algorithm/alg-other-mind.html]
[www.pdai.tech/md/db/sql/sql-db.html]
[www.pdai.tech/md/db/sql-lan/sql-lan.html]
[www.pdai.tech/md/db/sql-mysql/sql-mysql-overview.html]
[www.pdai.tech/md/db/nosql-redis/db-redis-overview.html]
[www.pdai.tech/md/db/nosql-mongo/mongo.html]
[www.pdai.tech/md/db/nosql-es/elasticsearch.html]
[www.pdai.tech/md/develop/package/dev-package-x-overview.html]
[www.pdai.tech/md/develop/regex/dev-regex-all.html]
[www.pdai.tech/md/develop/cron/dev-cron-x-usage.html]
[www.pdai.tech/md/develop/protocol/dev-protocol-overview.html]
[www.pdai.tech/md/develop/security/dev-security-overview.html]
[www.pdai.tech/md/develop/ut/dev-ut-unit-test.html]
[www.pdai.tech/md/develop/ut/dev-qt-code-style.html]
[www.pdai.tech/md/develop/ut/dev-qt-sonarlint.html]
[www.pdai.tech/md/develop/refactor/dev-refactor-if-else.html]
[www.pdai.tech/md/spring/spring-x-framework-introduce.html]
[www.pdai.tech/md/spring/spring-x-framework-ioc.html]
[www.pdai.tech/md/spring/spring-x-framework-aop.html]
[www.pdai.tech/md/spring/spring-x-framework-springmvc.html]
[www.pdai.tech/md/spring/springboot/springboot-x-hello-world.html]
[www.pdai.tech/md/spring/springboot/springboot-x-interface-response.html]
[www.pdai.tech/md/spring/springboot/springboot-x-redis-jedis.html]
[www.pdai.tech/md/spring/springboot/springboot-x-mysql-jpa.html]
[www.pdai.tech/md/spring/springboot/springboot-x-postgre-jpa.html]
[www.pdai.tech/md/spring/springboot/springboot-x-elastic-template.html]
[www.pdai.tech/md/spring/springboot/springboot-x-socket-websocket.html]
[www.pdai.tech/md/spring/springboot/springboot-x-task-timer.html]
[www.pdai.tech/md/spring/springboot/springboot-x-view-thymeleaf.html]
[www.pdai.tech/md/spring/springboot/springboot-x-monitor-actuartor.html]
[www.pdai.tech/md/spring/springboot/springboot-y-auo-config.html]
[www.pdai.tech/md/arch/arch-x-overview.html]
[www.pdai.tech/md/framework/tomcat/tomcat-x-design-web-container.html]
[www.pdai.tech/md/devops/tool/tool-list-overview.html]
[www.pdai.tech/md/devops/tool/tool-git.html]
[www.pdai.tech/md/devops/linux/linux.html]
[www.pdai.tech/md/devops/docker/docker-00-overview.html]
[www.pdai.tech/md/project/project-x-overview.html]
[www.pdai.tech/md/dev-spec/spec/dev-th-solid.html]
[www.pdai.tech/md/dev-spec/spec/dev-th-cap.html]
[www.pdai.tech/md/dev-spec/spec/dev-th-base.html]
[www.pdai.tech/md/dev-spec/spec/dev-th-acid.html]
[www.pdai.tech/md/dev-spec/spec/dev-microservice-kangwei.html]
[www.pdai.tech/md/dev-spec/spec/dev-workflow.html]
[www.pdai.tech/md/dev-spec/spec/dev-opensource.html]
[www.pdai.tech/md/dev-spec/code-style/code-style-alibaba.html]
[www.pdai.tech/md/dev-spec/pattern/1_overview.html]
[www.pdai.tech/md/team/team-z-tixi.html]
[www.pdai.tech/md/about/me/about-me.html]
[www.pdai.tech/index.html]
[www.pdai.tech/_images/index-read.gif]
[www.pdai.tech/assets/css/0.styles.d4bb5489.css]
[www.pdai.tech/assets/js/546.7ea3a00f.js]
[www.pdai.tech/assets/js/19.3ba750ad.js]
[www.pdai.tech/assets/js/5.6b1b42a2.js]
[www.pdai.tech/assets/js/14.5ae81915.js]
[www.pdai.tech/assets/js/6.ff1411e2.js]
[www.pdai.tech/assets/js/7.7e5760af.js]
[www.pdai.tech/assets/js/8.75c9a8c0.js]
[www.pdai.tech/assets/js/16.d9db0dfb.js]
[www.pdai.tech/assets/js/9.70f48a53.js]
[www.pdai.tech/assets/js/10.9f41978c.js]
[www.pdai.tech/assets/js/15.8f175d0d.js]
[www.pdai.tech/assets/js/12.79ad4dab.js]
[www.pdai.tech/assets/js/13.67354aa6.js]
[www.pdai.tech/assets/js/11.67a01560.js]
[www.pdai.tech/assets/js/17.5e739c90.js]
[www.pdai.tech/_images/tool-logo/baidu.png]
[www.pdai.tech/_images/tool-logo/google.png]
[www.pdai.tech/_images/tool-logo/bing.png]
[www.pdai.tech/_images/tool-logo/magi.png]
[www.pdai.tech/_images/tool-logo/java.jpg]
[www.pdai.tech/_images/tool-logo/github.png]
[www.pdai.tech/_images/tool-logo/gitee.png]
[www.pdai.tech/_images/tool-logo/codingnet.png]
[www.pdai.tech/_images/tool-logo/bitbucket.png]
[www.pdai.tech/_images/tool-logo/csdn.gif]
[www.pdai.tech/_images/tool-logo/cnblog.gif]
[www.pdai.tech/_images/tool-logo/oschina.gif]
[www.pdai.tech/_images/tool-logo/segmentfault.png]
[www.pdai.tech/_images/tool-logo/51cto.gif]
[www.pdai.tech/_images/tool-logo/linuxidc.jpg]
[www.pdai.tech/_images/tool-logo/ibm.jpg]
[www.pdai.tech/_images/tool-logo/stackoverflow.png]
[www.pdai.tech/_images/tool-logo/cainiaotool.png]
[www.pdai.tech/_images/tool-logo/toollu.png]
[www.pdai.tech/_images/tool-logo/jiaobenzhijia.png]
[www.pdai.tech/_images/tool-logo/w3cschooltool.png]
[www.pdai.tech/_images/tool-logo/cloudconvert.png]
[www.pdai.tech/_images/tool-logo/cainiao.png]
[www.pdai.tech/_images/tool-logo/w3cschool.png]
[www.pdai.tech/_images/tool-logo/w3school.png]
[www.pdai.tech/_images/tool-logo/mdn.png]
[www.pdai.tech/_images/tool-logo/javatpoint.png]
[www.pdai.tech/_images/tool-logo/gitbook.png]
[www.pdai.tech/_images/tool-logo/docsify.png]
[www.pdai.tech/_images/tool-logo/vuepress.png]
[www.pdai.tech/_images/tool-logo/spring.png]
[www.pdai.tech/_images/tool-logo/mybatis.png]
[www.pdai.tech/_images/tool-logo/mybatisplus.png]
[www.pdai.tech/_images/tool-logo/maven.png]
[www.pdai.tech/_images/tool-logo/gradle.png]
[www.pdai.tech/_images/tool-logo/bootstrap.png]
[www.pdai.tech/_images/tool-logo/npm.png]
[www.pdai.tech/_images/tool-logo/vuejs.png]
[www.pdai.tech/_images/tool-logo/reactjs.png]
[www.pdai.tech/_images/tool-logo/angularjs.png]
[www.pdai.tech/_images/tool-logo/antdesignpro.png]
[www.pdai.tech/_images/tool-logo/element.png]
[www.pdai.tech/_images/tool-logo/iview.png]
[www.pdai.tech/_images/tool-logo/electron.png]
[www.pdai.tech/_images/tool-logo/caniuse.png]
[www.pdai.tech/_images/tool-logo/echarts.png]
[www.pdai.tech/_images/tool-logo/antv.png]
[www.pdai.tech/_images/tool-logo/d3.png]
[www.pdai.tech/_images/tool-logo/threejs.png]
[www.pdai.tech/_images/tool-logo/highcharts.png]
[www.pdai.tech/_images/tool-logo/chartjs.png]
[www.pdai.tech/_images/tool-logo/flotjs.png]
[www.pdai.tech/_images/tool-logo/fontawesome.png]
[www.pdai.tech/_images/tool-logo/squoosh.png]
[www.pdai.tech/_images/tool-logo/zhitu.png]
[www.pdai.tech/_images/tool-logo/picdiet.png]
[www.pdai.tech/_images/tool-logo/aigei.png]
[www.pdai.tech/_images/tool-logo/photopea.png]
[www.pdai.tech/_images/tool-logo/iconfont.png]
[www.pdai.tech/_images/tool-logo/cssicon.png]
[www.pdai.tech/_images/tool-logo/saas.png]
[www.pdai.tech/_images/tool-logo/stylus.png]
[www.pdai.tech/_images/tool-logo/less.png]
[www.pdai.tech/_images/tool-logo/github2.jpg]
[www.pdai.tech/_images/tool-logo/csstriangle.png]
[www.pdai.tech/_images/tool-logo/cssarrow.png]
[www.pdai.tech/_images/tool-logo/imageeffects.png]
[www.pdai.tech/_images/tool-logo/xlogo.png]
[www.pdai.tech/pdai.jpg]
[www.pdai.tech/toc.png]
[www.pdai.tech/wechat.png]
[www.pdai.tech/full.png]
[www.pdai.tech/toggle.png]
[www.pdai.tech/wexin2.png]
[www.pdai.tech/download.jpg]
[www.pdai.tech/pdai_gzh.jpg]
[www.pdai.tech/heart.png]
[www.pdai.tech/pdai-guli.png]
[www.pdai.tech/sitemap.png]
[www.pdai.tech/md/about/blog/blog-build-vuepress.html]
[www.pdai.tech/md/about/me/blog-changelist.html]
[www.pdai.tech/md/about/me/blog-question.html]
[www.pdai.tech/md/java/thread/java-thread-x-key-synchronized.html]
[www.pdai.tech/md/java/jvm/java-jvm-x-overview.html]
[www.pdai.tech/md/java/jvm/java-jvm-param.html]
[www.pdai.tech/md/java/others/java-others-awesome-java.html]
[www.pdai.tech/md/algorithm/alg-basic-array.html]
[www.pdai.tech/md/algorithm/alg-basic-tree.html]
[www.pdai.tech/md/algorithm/alg-basic-graph.html]
[www.pdai.tech/md/db/sql/sql-db-howitworks.html]
[www.pdai.tech/md/db/sql-mysql/sql-mysql-theory.html]
[www.pdai.tech/md/db/nosql-mongo/mongo-performance-improve.html]
[www.pdai.tech/md/develop/package/dev-package-x-apache-common.html]
[www.pdai.tech/md/develop/ut/dev-ut-x-junit.html]
[www.pdai.tech/md/arch/arch-x-basic.html]
[www.pdai.tech/md/arch/arch-x-view.html]
[www.pdai.tech/md/arch/arch-x-evolution.html]
[www.pdai.tech/md/arch/arch-x-pattern.html]
[www.pdai.tech/md/arch/arch-y-cache.html]
[www.pdai.tech/md/arch/arch-y-ratelimit.html]
[www.pdai.tech/md/arch/arch-y-reduce.html]
[www.pdai.tech/md/arch/arch-y-loadbalance.html]
[www.pdai.tech/md/arch/arch-y-backup.html]
[www.pdai.tech/md/arch/arch-x-security.html]
[www.pdai.tech/md/arch/arch-example-seckill.html]
[www.pdai.tech/md/arch/arch-example-goods-detail.html]
[www.pdai.tech/md/devops/tool/tool-ide.html]
[www.pdai.tech/md/devops/tool/tool-maven.html]
[www.pdai.tech/md/team/team-z-wechat.html]
[www.pdai.tech/md/team/team-z-task-emergency.html]
[www.pdai.tech/md/resource/tools.html]
[www.pdai.tech/md/team/team-z-arch-future.html]
[www.pdai.tech/assets/js/513.97a90c04.js]
[www.pdai.tech/md/java/basic/java-basic-lan-sum.html]
[www.pdai.tech/md/java/basic/java-basic-x-generic.html]
[www.pdai.tech/md/java/basic/java-basic-x-annotation.html]
[www.pdai.tech/md/java/basic/java-basic-x-exception.html]
[www.pdai.tech/md/java/basic/java-basic-x-reflection.html]
[www.pdai.tech/md/java/advanced/java-advanced-spi.html]
[www.pdai.tech/md/java/collection/java-collection-ArrayList.html]
[www.pdai.tech/md/java/collection/java-collection-LinkedList.html]
[www.pdai.tech/md/java/collection/java-collection-Queue&Stack.html]
[www.pdai.tech/md/java/collection/java-collection-PriorityQueue.html]
[www.pdai.tech/md/java/collection/java-map-HashMap&HashSet.html]
[www.pdai.tech/md/java/collection/java-map-LinkedHashMap&LinkedHashSet.html]
[www.pdai.tech/md/java/collection/java-map-TreeMap&TreeSet.html]
[www.pdai.tech/md/java/collection/java-map-WeakHashMap.html]
[www.pdai.tech/md/java/thread/java-thread-x-key-volatile.html]
[www.pdai.tech/md/java/thread/java-thread-x-key-final.html]
[www.pdai.tech/md/java/thread/java-thread-x-juc-AtomicInteger.html]
[www.pdai.tech/md/java/thread/java-thread-x-lock-LockSupport.html]
[www.pdai.tech/md/java/thread/java-thread-x-lock-AbstractQueuedSynchronizer.html]
[www.pdai.tech/md/java/thread/java-thread-x-lock-ReentrantLock.html]
[www.pdai.tech/md/java/thread/java-thread-x-lock-ReentrantReadWriteLock.html]
[www.pdai.tech/md/java/thread/java-thread-x-juc-collection-ConcurrentHashMap.html]
[www.pdai.tech/md/java/thread/java-thread-x-juc-collection-CopyOnWriteArrayList.html]
[www.pdai.tech/md/java/thread/java-thread-x-juc-collection-ConcurrentLinkedQueue.html]
[www.pdai.tech/md/java/thread/java-thread-x-juc-collection-BlockingQueue.html]
[www.pdai.tech/md/java/thread/java-thread-x-juc-executor-FutureTask.html]
[www.pdai.tech/md/java/thread/java-thread-x-juc-executor-ThreadPoolExecutor.html]
[www.pdai.tech/md/java/thread/java-thread-x-juc-executor-ScheduledThreadPoolExecutor.html]
[www.pdai.tech/md/java/thread/java-thread-x-juc-executor-ForkJoinPool.html]
[www.pdai.tech/md/java/thread/java-thread-x-juc-tool-countdownlatch.html]
[www.pdai.tech/md/java/thread/java-thread-x-juc-tool-cyclicbarrier.html]
[www.pdai.tech/md/java/thread/java-thread-x-juc-tool-semaphore.html]
[www.pdai.tech/md/java/thread/java-thread-x-juc-tool-phaser.html]
[www.pdai.tech/md/java/thread/java-thread-x-juc-tool-exchanger.html]
[www.pdai.tech/md/java/thread/java-thread-x-threadlocal.html]
[www.pdai.tech/md/java/io/java-io-basic-category.html]
[www.pdai.tech/md/java/io/java-io-basic-design-pattern.html]
[www.pdai.tech/md/java/io/java-io-basic-code-inputstream.html]
[www.pdai.tech/md/java/io/java-io-basic-code-outputstream.html]
[www.pdai.tech/md/java/io/java-io-basic-usage.html]
[www.pdai.tech/md/java/io/java-io-model.html]
[www.pdai.tech/md/java/io/java-io-bio.html]
[www.pdai.tech/md/java/io/java-io-nio.html]
[www.pdai.tech/md/java/io/java-io-nio-select-epoll.html]
[www.pdai.tech/md/java/io/java-io-aio.html]
[www.pdai.tech/md/java/io/java-io-nio-zerocopy.html]
[www.pdai.tech/md/java/io/java-io-nio-netty.html]
[www.pdai.tech/md/java/java8/java8-stream.html]
[www.pdai.tech/md/java/java8/java8-optional.html]
[www.pdai.tech/md/java/java8/java8-default.html]
[www.pdai.tech/md/java/java8/java8-type-anno.html]
[www.pdai.tech/md/java/java8/java8-anno-repeat.html]
[www.pdai.tech/md/java/java8/java8-type.html]
[www.pdai.tech/md/java/java8/java8-localdatetime.html]
[www.pdai.tech/md/java/java8/java8-jre.html]
[www.pdai.tech/md/java/java8/java8-permgen.html]
[www.pdai.tech/md/java/java8/java8-stampedlock.html]
[www.pdai.tech/md/java/java8/java8-javafx.html]
[www.pdai.tech/md/java/java8/java8-others.html]
[www.pdai.tech/md/java/jvm/java-jvm-class.html]
[www.pdai.tech/md/java/jvm/java-jvm-x-introduce.html]
[www.pdai.tech/md/java/jvm/java-jvm-jmm.html]
[www.pdai.tech/md/java/jvm/java-jvm-oom.html]
[www.pdai.tech/md/java/jvm/java-jvm-debug-tools-list.html]
[www.pdai.tech/md/java/jvm/java-jvm-cms-gc.html]
[www.pdai.tech/md/java/jvm/java-jvm-agent-usage.html]
[www.pdai.tech/md/java/jvm/java-jvm-agent-arthas.html]
[www.pdai.tech/md/java/jvm/java-jvm-debug-idea.html]
[www.pdai.tech/md/algorithm/alg-basic-linklist.html]
[www.pdai.tech/md/algorithm/alg-basic-hashtable.html]
[www.pdai.tech/md/algorithm/alg-basic-stack_queue.html]
[www.pdai.tech/md/algorithm/alg-basic-tree-search.html]
[www.pdai.tech/md/algorithm/alg-basic-tree-balance.html]
[www.pdai.tech/md/algorithm/alg-basic-tree-redblack.html]
[www.pdai.tech/md/algorithm/alg-basic-tree-hafman.html]
[www.pdai.tech/md/algorithm/alg-basic-tree-trie.html]
[www.pdai.tech/md/algorithm/alg-basic-graph-bfs-dfs.html]
[www.pdai.tech/md/algorithm/alg-basic-graph-min-tree.html]
[www.pdai.tech/md/algorithm/alg-basic-graph-min-distance.html]
[www.pdai.tech/md/algorithm/alg-basic-graph-topo-sort.html]
[www.pdai.tech/md/algorithm/alg-basic-graph-aoe.html]
[www.pdai.tech/md/algorithm/alg-sort-x-bubble.html]
[www.pdai.tech/md/algorithm/alg-sort-x-fast.html]
[www.pdai.tech/md/algorithm/alg-sort-x-insert.html]
[www.pdai.tech/md/algorithm/alg-sort-x-shell.html]
[www.pdai.tech/md/algorithm/alg-sort-x-select.html]
[www.pdai.tech/md/algorithm/alg-sort-x-heap.html]
[www.pdai.tech/md/algorithm/alg-sort-x-merge.html]
[www.pdai.tech/md/algorithm/alg-sort-x-bucket.html]
[www.pdai.tech/md/algorithm/alg-sort-x-radix.html]
[www.pdai.tech/md/algorithm/alg-core-dynamic.html]
[www.pdai.tech/md/algorithm/alg-core-greedy.html]
[www.pdai.tech/md/algorithm/alg-core-devide-two.html]
[www.pdai.tech/md/algorithm/alg-core-search.html]
[www.pdai.tech/md/algorithm/alg-core-backtracking.html]
[www.pdai.tech/md/algorithm/alg-domain-overview.html]
[www.pdai.tech/md/algorithm/alg-domain-security-secure.html]
[www.pdai.tech/md/algorithm/alg-domain-security-sm.html]
[www.pdai.tech/md/algorithm/alg-domain-char-match-bf.html]
[www.pdai.tech/md/algorithm/alg-domain-char-match-kmp.html]
[www.pdai.tech/md/algorithm/alg-domain-char-match-bm.html]
[www.pdai.tech/md/algorithm/alg-domain-char-match-st.html]
[www.pdai.tech/md/algorithm/alg-domain-bigdata-devide-and-hash.html]
[www.pdai.tech/md/algorithm/alg-domain-bigdata-bloom-filter.html]
[www.pdai.tech/md/algorithm/alg-domain-bigdata-bucket.html]
[www.pdai.tech/md/algorithm/alg-domain-bigdata-db-index.html]
[www.pdai.tech/md/algorithm/alg-domain-bigdata-outsort.html]
[www.pdai.tech/md/algorithm/alg-domain-bigdata-map-reduce.html]
[www.pdai.tech/md/algorithm/alg-domain-distribute-x-consistency-hash.html]
[www.pdai.tech/md/algorithm/alg-domain-distribute-x-paxos.html]
[www.pdai.tech/md/algorithm/alg-domain-distribute-x-raft.html]
[www.pdai.tech/md/algorithm/alg-domain-distribute-x-zab.html]
[www.pdai.tech/md/db/sql/sql-db-theory-concept.html]
[www.pdai.tech/md/db/sql/sql-db-theory-design.html]
[www.pdai.tech/md/db/sql/sql-db-theory.html]
[www.pdai.tech/md/db/sql-lan/sql-lan-pratice.html]
[www.pdai.tech/md/db/sql-lan/sql-lan-leetcode.html]
[www.pdai.tech/md/db/sql-lan/sql-lan-optimize.html]
[www.pdai.tech/md/db/sql-mysql/sql-mysql-engine.html]
[www.pdai.tech/md/db/sql-mysql/sql-mysql-b-tree.html]
[www.pdai.tech/md/db/sql-mysql/sql-mysql-performance.html]
[www.pdai.tech/md/db/sql-mysql/sql-mysql-devide.html]
[www.pdai.tech/md/db/sql-mysql/sql-mysql-slave.html]
[www.pdai.tech/md/db/sql-mysql/sql-mysql-execute.html]
[www.pdai.tech/md/db/nosql-redis/db-redis-introduce.html]
[www.pdai.tech/md/db/nosql-redis/db-redis-data-types.html]
[www.pdai.tech/md/db/nosql-redis/db-redis-data-type-special.html]
[www.pdai.tech/md/db/nosql-redis/db-redis-data-type-stream.html]
[www.pdai.tech/md/db/nosql-redis/db-redis-x-redis-object.html]
[www.pdai.tech/md/db/nosql-redis/db-redis-x-redis-ds.html]
[www.pdai.tech/md/db/nosql-redis/db-redis-data-type-enc.html]
[www.pdai.tech/md/db/nosql-redis/db-redis-x-rdb-aof.html]
[www.pdai.tech/md/db/nosql-redis/db-redis-x-pub-sub.html]
[www.pdai.tech/md/db/nosql-redis/db-redis-x-event.html]
[www.pdai.tech/md/db/nosql-redis/db-redis-x-trans.html]
[www.pdai.tech/md/db/nosql-redis/db-redis-x-copy.html]
[www.pdai.tech/md/db/nosql-redis/db-redis-x-sentinel.html]
[www.pdai.tech/md/db/nosql-redis/db-redis-x-cluster.html]
[www.pdai.tech/md/db/nosql-redis/db-redis-x-cache.html]
[www.pdai.tech/md/db/nosql-redis/db-redis-x-version-lastest.html]
[www.pdai.tech/md/db/nosql-redis/db-redis-y-monitor.html]
[www.pdai.tech/md/db/nosql-redis/db-redis-x-performance.html]
[www.pdai.tech/md/db/nosql-redis/db-redis-y-weibo.html]
[www.pdai.tech/md/db/nosql-mongo/mongo-x-basic.html]
[www.pdai.tech/md/db/nosql-mongo/mongo-x-ecosystem.html]
[www.pdai.tech/md/db/nosql-mongo/mongo-x-usage-1.html]
[www.pdai.tech/md/db/nosql-mongo/mongo-x-usage-2.html]
[www.pdai.tech/md/db/nosql-mongo/mongo-x-usage-3.html]
[www.pdai.tech/md/db/nosql-mongo/mongo-x-usage-4.html]
[www.pdai.tech/md/db/nosql-mongo/mongo-x-usage-5.html]
[www.pdai.tech/md/db/nosql-mongo/mongo-y-arch.html]
[www.pdai.tech/md/db/nosql-mongo/mongo-y-introduce.html]
[www.pdai.tech/md/db/nosql-mongo/mongo-y-ds.html]
[www.pdai.tech/md/db/nosql-mongo/mongo-y-page.html]
[www.pdai.tech/md/db/nosql-mongo/mongo-y-checkpoint.html]
[www.pdai.tech/md/db/nosql-mongo/mongo-z-index.html]
[www.pdai.tech/md/db/nosql-mongo/mongo-z-rep.html]
[www.pdai.tech/md/db/nosql-mongo/mongo-z-sharding.html]
[www.pdai.tech/md/db/nosql-mongo/mongo-z-backup.html]
[www.pdai.tech/md/db/nosql-mongo/mongo-performance-model.html]
[www.pdai.tech/md/db/nosql-mongo/mongo-y-doc.html]
[www.pdai.tech/md/db/nosql-es/elasticsearch-x-introduce-1.html]
[www.pdai.tech/md/db/nosql-es/elasticsearch-x-introduce-2.html]
[www.pdai.tech/md/db/nosql-es/elasticsearch-x-install.html]
[www.pdai.tech/md/db/nosql-es/elasticsearch-x-usage.html]
[www.pdai.tech/md/db/nosql-es/elasticsearch-x-index-mapping.html]
[www.pdai.tech/md/db/nosql-es/elasticsearch-x-index-template.html]
[www.pdai.tech/md/db/nosql-es/elasticsearch-x-dsl-com.html]
[www.pdai.tech/md/db/nosql-es/elasticsearch-x-dsl-full-text.html]
[www.pdai.tech/md/db/nosql-es/elasticsearch-x-dsl-term.html]
[www.pdai.tech/md/db/nosql-es/elasticsearch-x-agg-bucket.html]
[www.pdai.tech/md/db/nosql-es/elasticsearch-x-agg-metric.html]
[www.pdai.tech/md/db/nosql-es/elasticsearch-x-agg-pipeline.html]
[www.pdai.tech/md/db/nosql-es/elasticsearch-y-th-1.html]
[www.pdai.tech/md/db/nosql-es/elasticsearch-y-th-2.html]
[www.pdai.tech/md/db/nosql-es/elasticsearch-y-th-3.html]
[www.pdai.tech/md/db/nosql-es/elasticsearch-y-th-4.html]
[www.pdai.tech/md/db/nosql-es/elasticsearch-y-peformance.html]
[www.pdai.tech/md/db/nosql-es/elasticsearch-z-tencent.html]
[www.pdai.tech/md/db/nosql-es/elasticsearch-awesome-es.html]
[www.pdai.tech/md/db/nosql-es/elasticsearch-wrapper-query.html]
[www.pdai.tech/md/db/nosql-es/elasticsearch-backup.html]
[www.pdai.tech/md/develop/package/dev-package-x-google-guava.html]
[www.pdai.tech/md/develop/package/dev-package-x-hu-tool.html]
[www.pdai.tech/md/develop/package/dev-package-x-spring-util.html]
[www.pdai.tech/md/develop/package/dev-package-x-log.html]
[www.pdai.tech/md/develop/package/dev-package-x-json.html]
[www.pdai.tech/md/develop/package/dev-package-x-mapstruct.html]
[www.pdai.tech/md/develop/package/dev-package-x-others.html]
[www.pdai.tech/md/develop/ut/dev-ut-x-junit5.html]
[www.pdai.tech/md/develop/ut/dev-ut-x-mockito.html]
[www.pdai.tech/md/develop/ut/dev-ut-x-junit-idea.html]
[www.pdai.tech/md/develop/ut/dev-ut-springboot2.html]
[www.pdai.tech/md/develop/ut/dev-qt-code-style-1.html]
[www.pdai.tech/md/develop/ut/dev-qt-code-style-2.html]
[www.pdai.tech/md/develop/ut/dev-qt-spotbugs.html]
[www.pdai.tech/md/develop/regex/dev-regex-usage.html]
[www.pdai.tech/md/develop/regex/dev-regex-tools.html]
[www.pdai.tech/md/develop/cron/dev-cron-x-tools.html]
[www.pdai.tech/md/develop/protocol/dev-protocol-network-basic.html]
[www.pdai.tech/md/develop/protocol/dev-protocol-osi7.html]
[www.pdai.tech/md/develop/protocol/dev-protocol-ip.html]
[www.pdai.tech/md/develop/protocol/dev-protocol-tcpip.html]
[www.pdai.tech/md/develop/protocol/dev-protocol-udp.html]
[www.pdai.tech/md/develop/protocol/dev-protocol-http.html]
[www.pdai.tech/md/develop/protocol/dev-protocol-url.html]
[www.pdai.tech/md/develop/protocol/dev-protocol-dns.html]
[www.pdai.tech/md/develop/protocol/dev-protocol-tool-netstat.html]
[www.pdai.tech/md/develop/protocol/dev-protocol-tool-wireshark.html]
[www.pdai.tech/md/develop/protocol/dev-protocol-tool-tcpdump.html]
[www.pdai.tech/md/develop/security/dev-security-x-owasp.html]
[www.pdai.tech/md/develop/security/dev-security-x-injection.html]
[www.pdai.tech/md/develop/security/dev-security-x-csrf.html]
[www.pdai.tech/md/develop/security/dev-security-x-xss.html]
[www.pdai.tech/md/develop/security/dev-security-x-ddos.html]
[www.pdai.tech/md/develop/security/dev-security-x-click-hijack.html]
[www.pdai.tech/md/develop/security/dev-security-y-pratice.html]
[www.pdai.tech/md/develop/security/dev-security-y-pentest-workflow.html]
[www.pdai.tech/md/spring/spring.html]
[www.pdai.tech/md/spring/springmvc.html]
[www.pdai.tech/md/spring/spring-bean-lifecycle.html]
[www.pdai.tech/md/spring/spring-aop.html]
[www.pdai.tech/md/spring/springboot-helloworld.html]
[www.pdai.tech/md/spring/springboot-data-swagger.html]
[www.pdai.tech/md/spring/springboot-data-logback.html]
[www.pdai.tech/md/spring/springboot-data-mybatis.html]
[www.pdai.tech/md/spring/springboot-data-mongodb.html]
[www.pdai.tech/md/spring/springboot-data-es.html]
[www.pdai.tech/md/spring/springboot-data-thymeleaf.html]
[www.pdai.tech/md/spring/springboot-data-websocket.html]
[www.pdai.tech/md/spring/springboot-data-interface.html]
[www.pdai.tech/md/spring/springboot-data-ratelimit.html]
[www.pdai.tech/md/spring/springboot-data-quartz.html]
[www.pdai.tech/md/spring/springboot-data-multi.html]
[www.pdai.tech/md/spring/springboot-javaConfig.html]
[www.pdai.tech/md/spring/springboot-jar-3rd.html]
[www.pdai.tech/md/spring/springboot-starter-demo.html]
[www.pdai.tech/md/spring/springboot-javafx-native.html]
[www.pdai.tech/md/framework/tomcat/tomcat-x-arch.html]
[www.pdai.tech/md/framework/tomcat/tomcat-x-sourcecode.html]
[www.pdai.tech/md/framework/tomcat/tomcat-x-start.html]
[www.pdai.tech/md/framework/tomcat/tomcat-x-classloader.html]
[www.pdai.tech/md/framework/tomcat/tomcat-x-catalina.html]
[www.pdai.tech/md/framework/tomcat/tomcat-x-lifecycle.html]
[www.pdai.tech/md/framework/tomcat/tomcat-x-jmx.html]
[www.pdai.tech/md/framework/tomcat/tomcat-x-listener.html]
[www.pdai.tech/md/framework/tomcat/tomcat-x-server.html]
[www.pdai.tech/md/framework/tomcat/tomcat-x-service.html]
[www.pdai.tech/md/framework/tomcat/tomcat-x-executor.html]
[www.pdai.tech/md/framework/tomcat/tomcat-x-container.html]
[www.pdai.tech/md/framework/tomcat/tomcat-x-container-engine.html]
[www.pdai.tech/md/framework/tomcat/tomcat-x-container-pipline.html]
[www.pdai.tech/md/framework/tomcat/tomcat-x-connector.html]
[www.pdai.tech/md/framework/orm-mybatis/mybatis-y-arch.html]
[www.pdai.tech/md/framework/orm-mybatis/mybatis-y-init.html]
[www.pdai.tech/md/framework/orm-mybatis/mybatis-y-config-load.html]
[www.pdai.tech/md/framework/orm-mybatis/mybatis-y-config-list.html]
[www.pdai.tech/md/framework/orm-mybatis/mybatis-y-config-mapper.html]
[www.pdai.tech/md/framework/orm-mybatis/mybatis-y-sql-exec.html]
[www.pdai.tech/md/framework/orm-mybatis/mybatis-y-dynamic-sql.html]
[www.pdai.tech/md/framework/orm-mybatis/mybatis-y-plugin.html]
[www.pdai.tech/md/framework/orm-mybatis/mybatis-y-plugin-page.html]
[www.pdai.tech/md/framework/orm-mybatis/mybatis-y-datasource.html]
[www.pdai.tech/md/framework/orm-mybatis/mybatis-y-trans.html]
[www.pdai.tech/md/framework/orm-mybatis/mybatis-y-cache-level1.html]
[www.pdai.tech/md/framework/orm-mybatis/mybatis-y-cache-level2.html]
[www.pdai.tech/md/devops/tool/tool-list-project-management.html]
[www.pdai.tech/md/devops/tool/tool-list-ide.html]
[www.pdai.tech/md/devops/tool/tool-list-kanban.html]
[www.pdai.tech/md/devops/tool/tool-list-bug-tracking.html]
[www.pdai.tech/md/devops/tool/tool-list-cicd.html]
[www.pdai.tech/md/devops/tool/tool-list-api-management.html]
[www.pdai.tech/md/devops/tool/tool-list-monitoring.html]
[www.pdai.tech/md/devops/tool/tool-list-wiki-doc.html]
[www.pdai.tech/md/devops/tool/tool-list-file-management-share.html]
[www.pdai.tech/md/devops/tool/tool.html]
[www.pdai.tech/md/devops/tool/tool-jenkins-gitlab.html]
[www.pdai.tech/md/devops/linux/linux-usage.html]
[www.pdai.tech/md/devops/linux/linux-curl.html]
[www.pdai.tech/md/devops/linux/linux-service.html]
[www.pdai.tech/md/devops/docker/docker-01-docker-vm.html]
[www.pdai.tech/md/devops/docker/docker-02-basic.html]
[www.pdai.tech/md/devops/docker/docker-03-basic2.html]
[www.pdai.tech/md/devops/docker/docker-03-basic-web-app.html]
[www.pdai.tech/md/devops/docker/docker-07-network.html]
[www.pdai.tech/md/devops/docker/docker-06-data.html]
[www.pdai.tech/md/dev-spec/spec/dev-knowledge.html]
[www.pdai.tech/md/dev-spec/code-style/code-style-twitter.html]
[www.pdai.tech/md/dev-spec/pattern/2_singleton.html]
[www.pdai.tech/md/dev-spec/pattern/3_simple_factory.html]
[www.pdai.tech/md/dev-spec/pattern/4_factory_method.html]
[www.pdai.tech/md/dev-spec/pattern/5_abstract_factory.html]
[www.pdai.tech/md/dev-spec/pattern/6_builder.html]
[www.pdai.tech/md/dev-spec/pattern/7_prototype.html]
[www.pdai.tech/md/dev-spec/pattern/8_facade.html]
[www.pdai.tech/md/dev-spec/pattern/9_adapter.html]
[www.pdai.tech/md/dev-spec/pattern/10_bridge.html]
[www.pdai.tech/md/dev-spec/pattern/11_compsite.html]
[www.pdai.tech/md/dev-spec/pattern/12_decorator.html]
[www.pdai.tech/md/dev-spec/pattern/13_flyweight.html]
[www.pdai.tech/md/dev-spec/pattern/14_proxy.html]
[www.pdai.tech/md/dev-spec/pattern/15_chain.html]
[www.pdai.tech/md/dev-spec/pattern/16_strategy.html]
[www.pdai.tech/md/dev-spec/pattern/17_template.html]
[www.pdai.tech/md/dev-spec/pattern/18_command.html]
[www.pdai.tech/md/dev-spec/pattern/19_observer.html]
[www.pdai.tech/md/dev-spec/pattern/20_visitor.html]
[www.pdai.tech/md/dev-spec/pattern/21_state.html]
[www.pdai.tech/md/dev-spec/pattern/22_interpreter.html]
[www.pdai.tech/md/dev-spec/pattern/23_iterator.html]
[www.pdai.tech/md/dev-spec/pattern/24_mediator.html]
[www.pdai.tech/md/dev-spec/pattern/25_memento.html]
[www.pdai.tech/md/arch/arch-x-service.html]
[www.pdai.tech/md/arch/arch-x-core-metrics.html]
[www.pdai.tech/md/arch/arch-example-xianyu-goods.html]
[www.pdai.tech/md/arch/arch-example-xianyu-jiaoyi.html]
[www.pdai.tech/md/arch/arch-example-xianyu-laxintoufang.html]
[www.pdai.tech/md/arch/arch-example-xianyu-search.html]
[www.pdai.tech/md/arch/arch-example-meituan-peisong.html]
[www.pdai.tech/md/arch/arch-example-meituan-jishiwuliu.html]
[www.pdai.tech/md/arch/arch-example-meituan-waimai.html]
[www.pdai.tech/md/arch/arch-example-meituan-db-hp.html]
[www.pdai.tech/md/arch/arch-example-meituan-db-binlog.html]
[www.pdai.tech/md/about/me/about-arch.html]
[www.pdai.tech/md/about/me/about-motivation.html]
[www.pdai.tech/md/about/me/about-content.html]
[www.pdai.tech/md/about/me/about-content-style.html]
[www.pdai.tech/md/about/blog/blog-build-ci.html]
[www.pdai.tech/md/about/blog/blog-build-cd.html]
[www.pdai.tech/md/outline/x-outline.html]
[www.pdai.tech/md/about/blog/blog-build-ssl.html]
[www.pdai.tech/assets/js/412.633dc4b4.js]
[www.pdai.tech/md/java/java8up/java9.html]
[www.pdai.tech/md/java/java8up/java10.html]
[www.pdai.tech/md/java/java8up/java11.html]
[www.pdai.tech/md/java/java8up/java13.html]
[www.pdai.tech/md/java/java8up/java14.html]
[www.pdai.tech/md/java/java8up/java15.html]
[www.pdai.tech/md/java/jvm/java-jvm-gc-g1.html]
[www.pdai.tech/md/java/jvm/java-jvm-thread-dump.html]
[www.pdai.tech/md/java/others/java-others-better-java.html]
[www.pdai.tech/next2.png]
[www.pdai.tech/md/java/basic/java-basic-oop.html]
[www.pdai.tech/assets/js/410.15c04a9e.js]
[www.pdai.tech/pre2.png]
[www.pdai.tech/md/java/basic/java-basic-lan-basic.html]
[www.pdai.tech/md/java/collection/java-collection-all.html]
[www.pdai.tech/assets/js/422.305a60cf.js]
[www.pdai.tech/md/java/thread/java-thread-x-overview.html]
[www.pdai.tech/assets/js/508.3158a2f7.js]
[www.pdai.tech/md/java/thread/java-thread-x-theorty.html]
[www.pdai.tech/assets/js/509.a31e7010.js]
[www.pdai.tech/md/java/thread/java-thread-x-thread-basic.html]
[www.pdai.tech/assets/js/510.c5ef6ee5.js]
[www.pdai.tech/md/java/thread/java-thread-x-juc-overview.html]
[www.pdai.tech/assets/js/495.157cacb3.js]
[www.pdai.tech/md/java/io/java-io-overview.html]
[www.pdai.tech/assets/js/442.10e4d764.js]
[www.pdai.tech/md/java/java8/java8.html]
[www.pdai.tech/assets/js/456.41956c73.js]
[www.pdai.tech/md/java/java8up/java-8-up-overview.html]
[www.pdai.tech/assets/js/457.53fc06c2.js]
[www.pdai.tech/md/java/jvm/java-jvm-classload.html]
[www.pdai.tech/assets/js/468.0e8496d3.js]
[www.pdai.tech/md/java/jvm/java-jvm-struct.html]
[www.pdai.tech/assets/js/478.fe34fcdf.js]
[www.pdai.tech/md/java/jvm/java-jvm-gc.html]
[www.pdai.tech/assets/js/474.cd768a4b.js]
[www.pdai.tech/md/java/jvm/java-jvm-debug-tools-linux.html]
[www.pdai.tech/assets/js/471.7b32ff45.js]
[www.pdai.tech/assets/js/57.66e9a9d2.js]
[www.pdai.tech/md/algorithm/alg-basic-overview.html]
[www.pdai.tech/md/algorithm/alg-core-overview.html]
[www.pdai.tech/md/algorithm/alg-sort-overview.html]
[www.pdai.tech/assets/js/98.001ff3a0.js]
[www.pdai.tech/md/algorithm/alg-core-divide-and-conquer.html]
[www.pdai.tech/assets/js/67.68d3f332.js]
[www.pdai.tech/md/algorithm/alg-domain-security-degist.html]
[www.pdai.tech/assets/js/93.70bce93b.js]
[www.pdai.tech/md/algorithm/alg-domain-char-match.html]
[www.pdai.tech/assets/js/83.2100dbd7.js]
[www.pdai.tech/md/algorithm/alg-domain-distribute-overview.html]
[www.pdai.tech/assets/js/84.864019b5.js]
[www.pdai.tech/md/algorithm/alg-domain-bigdata-overview.html]
[www.pdai.tech/assets/js/78.9db79bb3.js]
[www.pdai.tech/md/algorithm/alg-domain-load-balance.html]
[www.pdai.tech/assets/js/90.75441ada.js]
[www.pdai.tech/md/algorithm/alg-domain-suggest.html]
[www.pdai.tech/assets/js/96.b9a7a5ca.js]
[www.pdai.tech/md/algorithm/alg-domain-machine.html]
[www.pdai.tech/assets/js/91.2dfde51e.js]
[www.pdai.tech/md/algorithm/alg-domain-id-snowflake.html]
[www.pdai.tech/assets/js/89.85fd96bc.js]
[www.pdai.tech/md/algorithm/alg-other-mind.html]
[www.pdai.tech/assets/js/97.3a1c1778.js]
[www.pdai.tech/assets/js/240.43c5b6b9.js]
[www.pdai.tech/md/db/sql-mysql/sql-mysql-mvcc.html]
[www.pdai.tech/md/db/nosql-redis/db-redis-z-mianshi.html]
[www.pdai.tech/md/db/nosql-mongo/mongo-y-trans.html]
[www.pdai.tech/md/db/nosql-mongo/mongo-y-cache.html]
[www.pdai.tech/md/db/sql/sql-db.html]
[www.pdai.tech/md/db/nosql-mongo/postgresql-replace.html]
[www.pdai.tech/md/db/sql-lan/sql-lan.html]
[www.pdai.tech/assets/js/224.fd981ba0.js]
[www.pdai.tech/md/db/sql-mysql/sql-mysql-overview.html]
[www.pdai.tech/assets/js/230.3ced3be6.js]
[www.pdai.tech/md/db/nosql-redis/db-redis-overview.html]
[www.pdai.tech/assets/js/204.c2c01c73.js]
[www.pdai.tech/md/db/nosql-mongo/mongo.html]
[www.pdai.tech/assets/js/197.7c723b68.js]
[www.pdai.tech/md/db/nosql-es/elasticsearch.html]
[www.pdai.tech/assets/js/175.8f0dc4da.js]
[www.pdai.tech/assets/js/289.47165c15.js]
[www.pdai.tech/md/develop/package/dev-package-x-lombok-2.html]
[www.pdai.tech/md/develop/ut/dev-qt-overview.html]
[www.pdai.tech/md/develop/refactor/dev-refactor-not-null.html]
[www.pdai.tech/md/develop/usage/dev-usage-overview.html]
[www.pdai.tech/md/develop/usage/dev-usage-newObj.html]
[www.pdai.tech/md/develop/usage/dev-usage-exe-package.html]
[www.pdai.tech/md/develop/usage/dev-usage-jar-readfile.html]
[www.pdai.tech/md/develop/usage/dev-usage-input-password.html]
[www.pdai.tech/md/develop/usage/dev-usage-export-pdf.html]
[www.pdai.tech/md/develop/usage/dev-usage-flotjs.html]
[www.pdai.tech/md/develop/package/dev-package-x-overview.html]
[www.pdai.tech/md/develop/usage/dev-usage-zkfinger.html]
[www.pdai.tech/md/develop/regex/dev-regex-all.html]
[www.pdai.tech/assets/js/306.2a80d65d.js]
[www.pdai.tech/md/develop/cron/dev-cron-x-usage.html]
[www.pdai.tech/assets/js/280.22020f8d.js]
[www.pdai.tech/md/develop/protocol/dev-protocol-overview.html]
[www.pdai.tech/assets/js/297.1fcc9126.js]
[www.pdai.tech/md/develop/security/dev-security-overview.html]
[www.pdai.tech/assets/js/309.cde13293.js]
[www.pdai.tech/md/develop/ut/dev-ut-unit-test.html]
[www.pdai.tech/assets/js/333.991ed66b.js]
[www.pdai.tech/md/develop/ut/dev-qt-code-style.html]
[www.pdai.tech/assets/js/328.26310d3d.js]
[www.pdai.tech/md/develop/ut/dev-qt-sonarlint.html]
[www.pdai.tech/assets/js/330.fb31c5c2.js]
[www.pdai.tech/md/develop/refactor/dev-refactor-if-else.html]
[www.pdai.tech/assets/js/304.84ee3828.js]
[www.pdai.tech/assets/js/556.cd8a5d14.js]
[www.pdai.tech/md/spring/spring-x-framework-helloworld.html]
[www.pdai.tech/md/spring/spring-x-framework-annotation.html]
[www.pdai.tech/md/spring/spring-x-framework-spring5.html]
[www.pdai.tech/md/spring/spring-x-framework-ioc-source-1.html]
[www.pdai.tech/md/spring/spring-x-framework-ioc-source-2.html]
[www.pdai.tech/md/spring/spring-x-framework-ioc-source-3.html]
[www.pdai.tech/md/spring/spring-x-framework-aop-source-1.html]
[www.pdai.tech/md/spring/spring-x-framework-aop-source-2.html]
[www.pdai.tech/md/spring/spring-x-framework-springmvc-source-1.html]
[www.pdai.tech/md/spring/springboot/springboot.html]
[www.pdai.tech/md/spring/springboot/springboot-x-overview.html]
[www.pdai.tech/md/spring/springboot/springboot-x-hello-world-mvc.html]
[www.pdai.tech/md/spring/springboot/springboot-x-hello-h2-jpa.html]
[www.pdai.tech/md/spring/springboot/springboot-x-hello-banner.html]
[www.pdai.tech/md/spring/springboot/springboot-x-hello-logback.html]
[www.pdai.tech/md/spring/springboot/springboot-x-hello-devtool.html]
[www.pdai.tech/md/spring/springboot/springboot-x-hello-anno.html]
[www.pdai.tech/md/spring/springboot/springboot-x-interface-param.html]
[www.pdai.tech/md/spring/springboot/springboot-x-interface-param-i18n.html]
[www.pdai.tech/md/spring/springboot/springboot-x-interface-exception.html]
[www.pdai.tech/md/spring/springboot/springboot-x-interface-version.html]
[www.pdai.tech/md/spring/springboot/springboot-x-interface-doc.html]
[www.pdai.tech/md/spring/springboot/springboot-x-interface-doc-smart.html]
[www.pdai.tech/md/spring/springboot/springboot-x-interface-doc-tool.html]
[www.pdai.tech/md/spring/springboot/springboot-x-interface-3rd.html]
[www.pdai.tech/md/spring/springboot/springboot-x-interface-mideng.html]
[www.pdai.tech/md/spring/springboot/springboot-x-interface-jiami.html]
[www.pdai.tech/md/spring/springboot/springboot-x-interface-xianliu.html]
[www.pdai.tech/md/spring/springboot/springboot-x-interface-xianliu-dist.html]
[www.pdai.tech/md/spring/springboot/springboot-x-mysql-mybatis-xml.html]
[www.pdai.tech/md/spring/springboot/springboot-x-mysql-mybatis-anno.html]
[www.pdai.tech/md/spring/springboot/springboot-x-mysql-mybatis-page.html]
[www.pdai.tech/md/spring/springboot/springboot-x-mysql-mybatis-multi-ds.html]
[www.pdai.tech/md/spring/springboot/springboot-x-mysql-mybatis-plus.html]
[www.pdai.tech/md/spring/springboot/springboot-x-mysql-mybatis-plus-gen.html]
[www.pdai.tech/md/spring/springboot/springboot-x-mysql-mybatis-plus-multi-tenant.html]
[www.pdai.tech/md/spring/springboot/springboot-x-mysql-shardingjdbc.html]
[www.pdai.tech/md/spring/springboot/springboot-x-mysql-HikariCP.html]
[www.pdai.tech/md/spring/springboot/springboot-x-mysql-druid.html]
[www.pdai.tech/md/spring/springboot/springboot-x-mysql-liquibase.html]
[www.pdai.tech/md/spring/springboot/springboot-x-mysql-flyway.html]
[www.pdai.tech/md/spring/springboot/springboot-x-postgre-jpa-jsonb.html]
[www.pdai.tech/md/spring/springboot/springboot-x-mongodb-template.html]
[www.pdai.tech/md/spring/springboot/springboot-x-socket-netty.html]
[www.pdai.tech/md/spring/springboot/springboot-x-task-executor-timer.html]
[www.pdai.tech/md/spring/springboot/springboot-x-task-spring-task-timer.html]
[www.pdai.tech/md/spring/springboot/springboot-x-task-hashwheeltimer-timer.html]
[www.pdai.tech/md/spring/springboot/springboot-x-task-quartz-timer.html]
[www.pdai.tech/md/spring/springboot/springboot-x-task-quartz-cluster-timer.html]
[www.pdai.tech/md/spring/springboot/springboot-x-task-elastic-job-timer.html]
[www.pdai.tech/md/spring/springboot/springboot-x-task-xxl-job-timer.html]
[www.pdai.tech/md/spring/springboot/springboot-x-monitor-boot-admin.html]
[www.pdai.tech/md/spring/springboot/springboot-y-starter.html]
[www.pdai.tech/md/spring/springboot/springboot-y-wrap-tomcat.html]
[www.pdai.tech/md/spring/spring-x-framework-introduce.html]
[www.pdai.tech/md/spring/springboot/springboot-y-th-actuartor.html]
[www.pdai.tech/md/spring/spring-x-framework-ioc.html]
[www.pdai.tech/assets/js/560.a9737b5a.js]
[www.pdai.tech/md/spring/spring-x-framework-aop.html]
[www.pdai.tech/assets/js/554.4f968139.js]
[www.pdai.tech/assets/js/563.755bd0a3.js]
[www.pdai.tech/md/spring/spring-x-framework-springmvc.html]
[www.pdai.tech/md/spring/springboot/springboot-x-hello-world.html]
[www.pdai.tech/assets/js/597.2d360eed.js]
[www.pdai.tech/md/spring/springboot/springboot-x-interface-response.html]
[www.pdai.tech/assets/js/608.2cafdca7.js]
[www.pdai.tech/md/spring/springboot/springboot-x-mysql-jpa.html]
[www.pdai.tech/assets/js/618.4c382f79.js]
[www.pdai.tech/assets/js/631.40af5a18.js]
[www.pdai.tech/md/spring/springboot/springboot-x-redis-jedis.html]
[www.pdai.tech/assets/js/630.737c4c51.js]
[www.pdai.tech/md/spring/springboot/springboot-x-postgre-jpa.html]
[www.pdai.tech/assets/js/590.35658f3b.js]
[www.pdai.tech/md/spring/springboot/springboot-x-elastic-template.html]
[www.pdai.tech/assets/js/633.82ca50fa.js]
[www.pdai.tech/md/spring/springboot/springboot-x-socket-websocket.html]
[www.pdai.tech/md/spring/springboot/springboot-x-task-timer.html]
[www.pdai.tech/assets/js/640.d783e927.js]
[www.pdai.tech/assets/js/642.c19570e8.js]
[www.pdai.tech/md/spring/springboot/springboot-x-view-thymeleaf.html]
[www.pdai.tech/md/spring/springboot/springboot-x-monitor-actuartor.html]
[www.pdai.tech/assets/js/613.d1de4dcf.js]
[www.pdai.tech/assets/js/643.d3d9843f.js]
[www.pdai.tech/md/spring/springboot/springboot-y-auo-config.html]
[www.pdai.tech/md/framework/tomcat/tomcat-x-design-web-container.html]
[www.pdai.tech/assets/js/398.69910c83.js]
[www.pdai.tech/assets/js/123.8bb089ae.js]
[www.pdai.tech/md/arch/arch-x-pattern-2.html]
[www.pdai.tech/md/arch/arch-x-books.html]
[www.pdai.tech/md/arch/arch-z-overview.html]
[www.pdai.tech/md/arch/arch-z-theory.html]
[www.pdai.tech/md/arch/arch-z-id.html]
[www.pdai.tech/md/arch/arch-z-lock.html]
[www.pdai.tech/md/arch/arch-z-transection.html]
[www.pdai.tech/md/arch/arch-z-cache.html]
[www.pdai.tech/md/arch/arch-z-job.html]
[www.pdai.tech/md/arch/arch-z-session.html]
[www.pdai.tech/md/arch/arch-z-trace.html]
[www.pdai.tech/md/arch/arch-z-file.html]
[www.pdai.tech/md/arch/arch-z-store.html]
[www.pdai.tech/md/arch/arch-z-calculate.html]
[www.pdai.tech/md/arch/arch-z-wrong.html]
[www.pdai.tech/md/arch/arch-x-overview.html]
[www.pdai.tech/md/arch/microservice/arch-m-singleton-2.html]
[www.pdai.tech/assets/js/368.f6821391.js]
[www.pdai.tech/md/devops/tool/tool-maven-nexus.html]
[www.pdai.tech/md/devops/linux/linux-zero-copy.html]
[www.pdai.tech/md/devops/linux/linux-ab-test.html]
[www.pdai.tech/md/devops/docker/docker-04-dockerfile.html]
[www.pdai.tech/md/devops/docker/docker-05-compose.html]
[www.pdai.tech/md/devops/docker/docker-08-layer.html]
[www.pdai.tech/md/devops/tool/tool-list-overview.html]
[www.pdai.tech/md/devops/docker/docker-09-security.html]
[www.pdai.tech/md/devops/tool/tool-git.html]
[www.pdai.tech/assets/js/358.c7e8a7cd.js]
[www.pdai.tech/md/devops/linux/linux.html]
[www.pdai.tech/assets/js/357.a64e4c8f.js]
[www.pdai.tech/md/devops/docker/docker-00-overview.html]
[www.pdai.tech/assets/js/341.3c3081a1.js]
[www.pdai.tech/assets/js/545.ea7a5ae8.js]
[www.pdai.tech/md/project/project-a-1.html]
[www.pdai.tech/md/project/project-a-2-1.html]
[www.pdai.tech/md/project/project-a-2-2.html]
[www.pdai.tech/md/project/project-a-2-3.html]
[www.pdai.tech/md/project/project-a-3-1.html]
[www.pdai.tech/md/project/project-a-3-2.html]
[www.pdai.tech/md/project/project-a-3-3.html]
[www.pdai.tech/md/project/project-a-4.html]
[www.pdai.tech/md/project/project-b-web-tech.html]
[www.pdai.tech/md/project/project-b-xold-demo.html]
[www.pdai.tech/md/project/project-b-xold-project.html]
[www.pdai.tech/md/project/project-c-ruoyi-fast.html]
[www.pdai.tech/md/project/project-c-ruoyi-multiple.html]
[www.pdai.tech/md/project/project-c-ruoyi-vue.html]
[www.pdai.tech/md/project/project-c-ruoyi-xcloud.html]
[www.pdai.tech/md/project/project-g-mall4j-1.html]
[www.pdai.tech/md/project/project-g-mall4j-2.html]
[www.pdai.tech/md/project/project-g-mall4j-3.html]
[www.pdai.tech/md/project/project-g-yshop-1.html]
[www.pdai.tech/md/project/project-s-seckill.html]
[www.pdai.tech/md/project/project-v-00-overview.html]
[www.pdai.tech/md/project/project-v-01-rebuild.html]
[www.pdai.tech/md/project/project-v-02-tech-deep.html]
[www.pdai.tech/md/project/project-v-03-tech-wide.html]
[www.pdai.tech/md/project/project-v-04-team.html]
[www.pdai.tech/md/project/project-v-05-workflow.html]
[www.pdai.tech/md/project/project-v-06-arch.html]
[www.pdai.tech/md/project/project-v-06-quality.html]
[www.pdai.tech/md/project/project-v-07-online.html]
[www.pdai.tech/md/project/project-x-overview.html]
[www.pdai.tech/md/project/project-v-08-ops.html]
[www.pdai.tech/assets/js/277.fe12ab02.js]
[www.pdai.tech/md/dev-spec/certificate/cert-cmm.html]
[www.pdai.tech/md/dev-spec/certificate/cert-dengbao.html]
[www.pdai.tech/md/dev-spec/spec/dev-th-solid.html]
[www.pdai.tech/md/dev-spec/certificate/cert-iso27001.html]
[www.pdai.tech/md/dev-spec/spec/dev-th-cap.html]
[www.pdai.tech/assets/js/276.29646b11.js]
[www.pdai.tech/md/dev-spec/spec/dev-th-base.html]
[www.pdai.tech/assets/js/275.42cf5791.js]
[www.pdai.tech/md/dev-spec/spec/dev-th-acid.html]
[www.pdai.tech/assets/js/274.974c4d23.js]
[www.pdai.tech/md/dev-spec/spec/dev-microservice-kangwei.html]
[www.pdai.tech/assets/js/272.2e6725f4.js]
[www.pdai.tech/md/dev-spec/spec/dev-workflow.html]
[www.pdai.tech/assets/js/278.b6abdb62.js]
[www.pdai.tech/md/dev-spec/spec/dev-opensource.html]
[www.pdai.tech/assets/js/273.822bcbba.js]
[www.pdai.tech/md/dev-spec/code-style/code-style-alibaba.html]
[www.pdai.tech/assets/js/244.7f6bc843.js]
[www.pdai.tech/md/dev-spec/pattern/1_overview.html]
[www.pdai.tech/assets/js/256.83c97c94.js]
[www.pdai.tech/assets/js/661.56240651.js]
[www.pdai.tech/md/team/person/person-fupan.html]
[www.pdai.tech/md/team/person/person-how-to-ask.html]
[www.pdai.tech/md/team/person/person-5w2h.html]
[www.pdai.tech/md/team/person/person-masilu-model.html]
[www.pdai.tech/md/team/person/person-bingshan-model.html]
[www.pdai.tech/md/team/person/person-xiaolv.html]
[www.pdai.tech/md/team/person/person-think-model.html]
[www.pdai.tech/md/team/team-z-value.html]
[www.pdai.tech/md/team/product/product-wailou.html]
[www.pdai.tech/md/team/team-z-tixi.html]
[www.pdai.tech/md/team/team-z-x-4-control.html]
[www.pdai.tech/assets/js/40.0fd98cf2.js]
[www.pdai.tech/md/about/others/others-project-netscan.html]
[www.pdai.tech/md/about/others/others-research-nodered.html]
[www.pdai.tech/md/about/book/book-ebook-awaresome.html]
[www.pdai.tech/md/about/book/book-read-arch-extendable.html]
[www.pdai.tech/md/about/book/book-read-code-art.html]
[www.pdai.tech/md/about/book/book-read-code-rebuild.html]
[www.pdai.tech/md/about/book/book-read-devops-inaction.html]
[www.pdai.tech/md/about/book/book-read-offer.html]
[www.pdai.tech/md/about/me/about-me.html]
[www.pdai.tech/_images/tool-logo/juejin.svg]
[www.pdai.tech/md/about/book/book-read-scrum-xp.html]
[www.pdai.tech/assets/js/28.5748a183.js]
[www.pdai.tech/md/about/blog/blog-build-vuepress.html]
[www.pdai.tech/md/about/me/blog-changelist.html]
[www.pdai.tech/assets/js/42.d948bea9.js]
[www.pdai.tech/md/about/me/blog-question.html]
[www.pdai.tech/assets/js/43.0391a6fd.js]
[www.pdai.tech/md/java/thread/java-thread-x-key-synchronized.html]
[www.pdai.tech/assets/js/502.9e0f2abe.js]
[www.pdai.tech/md/java/jvm/java-jvm-x-overview.html]
[www.pdai.tech/assets/js/481.5c1707ef.js]
[www.pdai.tech/md/java/jvm/java-jvm-param.html]
[www.pdai.tech/assets/js/477.74aa9c83.js]
[www.pdai.tech/assets/js/482.58752418.js]
[www.pdai.tech/md/java/others/java-others-awesome-java.html]
[www.pdai.tech/md/algorithm/alg-basic-array.html]
[www.pdai.tech/assets/js/48.bfab34a1.js]
[www.pdai.tech/md/algorithm/alg-basic-tree.html]
[www.pdai.tech/assets/js/64.90b184f7.js]
[www.pdai.tech/md/algorithm/alg-basic-graph.html]
[www.pdai.tech/assets/js/54.b760d5aa.js]
[www.pdai.tech/md/db/sql/sql-db-howitworks.html]
[www.pdai.tech/assets/js/235.ae1a3186.js]
[www.pdai.tech/md/db/sql-mysql/sql-mysql-theory.html]
[www.pdai.tech/assets/js/233.f3eb9ef2.js]
[www.pdai.tech/md/db/nosql-mongo/mongo-performance-improve.html]
[www.pdai.tech/assets/js/176.591fe868.js]
[www.pdai.tech/md/develop/package/dev-package-x-apache-common.html]
[www.pdai.tech/assets/js/281.bd6888b2.js]
[www.pdai.tech/md/develop/ut/dev-ut-x-junit.html]
[www.pdai.tech/assets/js/338.2db28d61.js]
[www.pdai.tech/md/arch/arch-x-basic.html]
[www.pdai.tech/assets/js/119.8ff1a834.js]
[www.pdai.tech/md/arch/arch-x-view.html]
[www.pdai.tech/assets/js/128.72bd0325.js]
[www.pdai.tech/md/arch/arch-x-evolution.html]
[www.pdai.tech/assets/js/122.32c3ae50.js]
[www.pdai.tech/md/arch/arch-x-pattern.html]
[www.pdai.tech/assets/js/125.8ab6d4fd.js]
[www.pdai.tech/md/arch/arch-y-cache.html]
[www.pdai.tech/assets/js/130.8f061033.js]
[www.pdai.tech/md/arch/arch-y-ratelimit.html]
[www.pdai.tech/assets/js/132.91bf8f5e.js]
[www.pdai.tech/md/arch/arch-y-reduce.html]
[www.pdai.tech/assets/js/133.eae6e1b2.js]
[www.pdai.tech/md/arch/arch-y-loadbalance.html]
[www.pdai.tech/assets/js/131.fb601a37.js]
[www.pdai.tech/assets/js/129.210ce00e.js]
[www.pdai.tech/md/arch/arch-y-backup.html]
[www.pdai.tech/md/arch/arch-x-security.html]
[www.pdai.tech/assets/js/126.9011977d.js]
[www.pdai.tech/md/arch/arch-example-seckill.html]
[www.pdai.tech/assets/js/114.210af135.js]
[www.pdai.tech/md/arch/arch-example-goods-detail.html]
[www.pdai.tech/assets/js/108.163a8717.js]
[www.pdai.tech/assets/js/359.f92267c8.js]
[www.pdai.tech/md/devops/tool/tool-ide.html]
[www.pdai.tech/md/devops/tool/tool-maven.html]
[www.pdai.tech/assets/js/372.71ade11d.js]
[www.pdai.tech/md/team/team-z-wechat.html]
[www.pdai.tech/assets/js/663.fdf5aa37.js]
[www.pdai.tech/md/team/team-z-task-emergency.html]
[www.pdai.tech/assets/js/660.4ba563d4.js]
[www.pdai.tech/md/team/team-z-arch-future.html]
[www.pdai.tech/assets/js/659.31472d3c.js]
[www.pdai.tech/md/java/basic/java-basic-lan-sum.html]
[www.pdai.tech/assets/js/411.0b529c13.js]
[www.pdai.tech/assets/js/416.7bb3f313.js]
[www.pdai.tech/md/java/basic/java-basic-x-generic.html]
[www.pdai.tech/md/java/basic/java-basic-x-annotation.html]
[www.pdai.tech/assets/js/413.c64b2af2.js]
[www.pdai.tech/md/java/basic/java-basic-x-exception.html]
[www.pdai.tech/assets/js/415.924da37d.js]
[www.pdai.tech/assets/js/417.d175a70d.js]
[www.pdai.tech/md/java/basic/java-basic-x-reflection.html]
[www.pdai.tech/md/java/advanced/java-advanced-spi.html]
[www.pdai.tech/assets/js/409.287cd558.js]
[www.pdai.tech/md/java/collection/java-collection-ArrayList.html]
[www.pdai.tech/assets/js/418.ea1d1e2c.js]
[www.pdai.tech/md/java/collection/java-collection-LinkedList.html]
[www.pdai.tech/assets/js/419.d02321cd.js]
[www.pdai.tech/md/java/collection/java-collection-Queue&Stack.html]
[www.pdai.tech/assets/js/421.577fb47e.js]
[www.pdai.tech/md/java/collection/java-collection-PriorityQueue.html]
[www.pdai.tech/assets/js/420.1fdb36e3.js]
[www.pdai.tech/md/java/collection/java-map-HashMap&HashSet.html]
[www.pdai.tech/assets/js/423.5ac7b4a8.js]
[www.pdai.tech/md/java/collection/java-map-LinkedHashMap&LinkedHashSet.html]
[www.pdai.tech/assets/js/424.30274dc1.js]
[www.pdai.tech/md/java/collection/java-map-TreeMap&TreeSet.html]
[www.pdai.tech/assets/js/425.830f9d57.js]
[www.pdai.tech/md/java/collection/java-map-WeakHashMap.html]
[www.pdai.tech/assets/js/426.94c49df1.js]
[www.pdai.tech/md/java/thread/java-thread-x-key-volatile.html]
[www.pdai.tech/assets/js/503.b0eea7ac.js]
[www.pdai.tech/md/java/thread/java-thread-x-key-final.html]
[www.pdai.tech/assets/js/501.0aad0d63.js]
[www.pdai.tech/md/java/thread/java-thread-x-juc-AtomicInteger.html]
[www.pdai.tech/assets/js/486.1185e303.js]
[www.pdai.tech/md/java/thread/java-thread-x-lock-LockSupport.html]
[www.pdai.tech/assets/js/505.e54c6f48.js]
[www.pdai.tech/md/java/thread/java-thread-x-lock-AbstractQueuedSynchronizer.html]
[www.pdai.tech/assets/js/504.ba65152a.js]
[www.pdai.tech/md/java/thread/java-thread-x-lock-ReentrantLock.html]
[www.pdai.tech/assets/js/506.79fa8faf.js]
[www.pdai.tech/md/java/thread/java-thread-x-lock-ReentrantReadWriteLock.html]
[www.pdai.tech/assets/js/507.1624195f.js]
[www.pdai.tech/md/java/thread/java-thread-x-juc-collection-ConcurrentHashMap.html]
[www.pdai.tech/assets/js/488.a884c1c9.js]
[www.pdai.tech/md/java/thread/java-thread-x-juc-collection-CopyOnWriteArrayList.html]
[www.pdai.tech/assets/js/490.2e72c2f6.js]
[www.pdai.tech/md/java/thread/java-thread-x-juc-collection-ConcurrentLinkedQueue.html]
[www.pdai.tech/assets/js/489.2c42fdf5.js]
[www.pdai.tech/md/java/thread/java-thread-x-juc-collection-BlockingQueue.html]
[www.pdai.tech/assets/js/487.20c6c2ec.js]
[www.pdai.tech/md/java/thread/java-thread-x-juc-executor-FutureTask.html]
[www.pdai.tech/assets/js/492.f76d95b1.js]
[www.pdai.tech/md/java/thread/java-thread-x-juc-executor-ThreadPoolExecutor.html]
[www.pdai.tech/assets/js/494.a8aa515f.js]
[www.pdai.tech/md/java/thread/java-thread-x-juc-executor-ScheduledThreadPoolExecutor.html]
[www.pdai.tech/assets/js/493.33edf072.js]
[www.pdai.tech/md/java/thread/java-thread-x-juc-executor-ForkJoinPool.html]
[www.pdai.tech/assets/js/491.3093d0f4.js]
[www.pdai.tech/md/java/thread/java-thread-x-juc-tool-countdownlatch.html]
[www.pdai.tech/assets/js/496.e5bfdc9e.js]
[www.pdai.tech/md/java/thread/java-thread-x-juc-tool-cyclicbarrier.html]
[www.pdai.tech/assets/js/497.ef8f4910.js]
[www.pdai.tech/md/java/thread/java-thread-x-juc-tool-semaphore.html]
[www.pdai.tech/assets/js/500.acd1dbba.js]
[www.pdai.tech/md/java/thread/java-thread-x-juc-tool-phaser.html]
[www.pdai.tech/assets/js/499.5d0fa3f5.js]
[www.pdai.tech/md/java/thread/java-thread-x-juc-tool-exchanger.html]
[www.pdai.tech/assets/js/498.e75ee9d0.js]
[www.pdai.tech/md/java/thread/java-thread-x-threadlocal.html]
[www.pdai.tech/md/java/thread/java-thread-x-essence.html]
[www.pdai.tech/md/java/thread/java-thread-x-pattern.html]
[www.pdai.tech/assets/js/511.ca227659.js]
[www.pdai.tech/md/java/io/java-io-basic-category.html]
[www.pdai.tech/assets/js/428.20265dad.js]
[www.pdai.tech/md/java/io/java-io-basic-design-pattern.html]
[www.pdai.tech/assets/js/431.db25d78c.js]
[www.pdai.tech/md/java/io/java-io-basic-code-inputstream.html]
[www.pdai.tech/assets/js/429.2d87cee5.js]
[www.pdai.tech/md/java/io/java-io-basic-code-outputstream.html]
[www.pdai.tech/assets/js/430.9ac0c6f8.js]
[www.pdai.tech/md/java/io/java-io-basic-usage.html]
[www.pdai.tech/assets/js/432.10d21112.js]
[www.pdai.tech/md/java/io/java-io-model.html]
[www.pdai.tech/assets/js/437.1f537b84.js]
[www.pdai.tech/md/java/io/java-io-bio.html]
[www.pdai.tech/assets/js/436.d7289419.js]
[www.pdai.tech/md/java/io/java-io-nio.html]
[www.pdai.tech/assets/js/441.ccd1b5cc.js]
[www.pdai.tech/md/java/io/java-io-nio-select-epoll.html]
[www.pdai.tech/assets/js/439.19c45141.js]
[www.pdai.tech/md/java/io/java-io-aio.html]
[www.pdai.tech/assets/js/427.78bc5928.js]
[www.pdai.tech/md/java/io/java-io-nio-zerocopy.html]
[www.pdai.tech/assets/js/440.70b2ab12.js]
[www.pdai.tech/md/java/io/java-io-nio-netty.html]
[www.pdai.tech/assets/js/438.6c1d9fbc.js]
[www.pdai.tech/md/java/java8/java8-stream.html]
[www.pdai.tech/assets/js/453.1685b03d.js]
[www.pdai.tech/md/java/java8/java8-optional.html]
[www.pdai.tech/assets/js/449.48ddcecf.js]
[www.pdai.tech/md/java/java8/java8-default.html]
[www.pdai.tech/assets/js/445.e13b4c81.js]
[www.pdai.tech/md/java/java8/java8-type-anno.html]
[www.pdai.tech/assets/js/454.1dfa3339.js]
[www.pdai.tech/md/java/java8/java8-anno-repeat.html]
[www.pdai.tech/assets/js/444.f4de248a.js]
[www.pdai.tech/md/java/java8/java8-type.html]
[www.pdai.tech/assets/js/455.d31dc995.js]
[www.pdai.tech/md/java/java8/java8-localdatetime.html]
[www.pdai.tech/assets/js/448.f231ec74.js]
[www.pdai.tech/md/java/java8/java8-jre.html]
[www.pdai.tech/assets/js/447.1b122d12.js]
[www.pdai.tech/md/java/java8/java8-permgen.html]
[www.pdai.tech/assets/js/451.1c778a12.js]
[www.pdai.tech/md/java/java8/java8-stampedlock.html]
[www.pdai.tech/assets/js/452.525c5118.js]
[www.pdai.tech/md/java/java8/java8-javafx.html]
[www.pdai.tech/assets/js/446.3795c3ab.js]
[www.pdai.tech/md/java/java8/java8-others.html]
[www.pdai.tech/assets/js/450.d2c3e298.js]
[www.pdai.tech/md/java/jvm/java-jvm-class.html]
[www.pdai.tech/assets/js/467.5e995a3a.js]
[www.pdai.tech/md/java/jvm/java-jvm-x-introduce.html]
[www.pdai.tech/assets/js/480.ced7718d.js]
[www.pdai.tech/md/java/jvm/java-jvm-jmm.html]
[www.pdai.tech/assets/js/475.013ceb00.js]
[www.pdai.tech/md/java/jvm/java-jvm-oom.html]
[www.pdai.tech/assets/js/476.3ed64db1.js]
[www.pdai.tech/md/java/jvm/java-jvm-debug-tools-list.html]
[www.pdai.tech/assets/js/472.6933107f.js]
[www.pdai.tech/md/java/jvm/java-jvm-cms-gc.html]
[www.pdai.tech/assets/js/469.7740b746.js]
[www.pdai.tech/md/java/jvm/java-jvm-agent-usage.html]
[www.pdai.tech/assets/js/466.fe9247d0.js]
[www.pdai.tech/md/java/jvm/java-jvm-agent-arthas.html]
[www.pdai.tech/assets/js/465.cfaa92c5.js]
[www.pdai.tech/md/java/jvm/java-jvm-debug-idea.html]
[www.pdai.tech/assets/js/470.13b8c9d3.js]
[www.pdai.tech/md/algorithm/alg-basic-linklist.html]
[www.pdai.tech/assets/js/56.7f93a0d3.js]
[www.pdai.tech/md/algorithm/alg-basic-hashtable.html]
[www.pdai.tech/assets/js/55.59296e5c.js]
[www.pdai.tech/md/algorithm/alg-basic-stack_queue.html]
[www.pdai.tech/assets/js/58.f474ed1d.js]
[www.pdai.tech/md/algorithm/alg-basic-tree-search.html]
[www.pdai.tech/assets/js/62.33d2d946.js]
[www.pdai.tech/md/algorithm/alg-basic-tree-balance.html]
[www.pdai.tech/assets/js/59.c65fd362.js]
[www.pdai.tech/md/algorithm/alg-basic-tree-redblack.html]
[www.pdai.tech/assets/js/61.4c84dd3d.js]
[www.pdai.tech/md/algorithm/alg-basic-tree-hafman.html]
[www.pdai.tech/assets/js/60.e4dc2260.js]
[www.pdai.tech/md/algorithm/alg-basic-tree-trie.html]
[www.pdai.tech/assets/js/63.94d2e255.js]
[www.pdai.tech/assets/js/50.0f67409c.js]
[www.pdai.tech/md/algorithm/alg-basic-graph-bfs-dfs.html]
[www.pdai.tech/md/algorithm/alg-basic-graph-min-tree.html]
[www.pdai.tech/assets/js/52.5722ae55.js]
[www.pdai.tech/md/algorithm/alg-basic-graph-min-distance.html]
[www.pdai.tech/assets/js/51.667d06fc.js]
[www.pdai.tech/md/algorithm/alg-basic-graph-topo-sort.html]
[www.pdai.tech/assets/js/53.9bc7af0e.js]
[www.pdai.tech/md/algorithm/alg-basic-graph-aoe.html]
[www.pdai.tech/assets/js/49.4e81c95d.js]
[www.pdai.tech/md/algorithm/alg-sort-x-bubble.html]
[www.pdai.tech/assets/js/99.0d899808.js]
[www.pdai.tech/md/algorithm/alg-sort-x-fast.html]
[www.pdai.tech/assets/js/101.af00ef74.js]
[www.pdai.tech/md/algorithm/alg-sort-x-insert.html]
[www.pdai.tech/assets/js/103.bf54d3b4.js]
[www.pdai.tech/md/algorithm/alg-sort-x-shell.html]
[www.pdai.tech/assets/js/107.09a0f2fd.js]
[www.pdai.tech/md/algorithm/alg-sort-x-select.html]
[www.pdai.tech/assets/js/106.d5ae40f7.js]
[www.pdai.tech/md/algorithm/alg-sort-x-heap.html]
[www.pdai.tech/assets/js/102.a4c0c1fa.js]
[www.pdai.tech/md/algorithm/alg-sort-x-merge.html]
[www.pdai.tech/assets/js/104.e3833b21.js]
[www.pdai.tech/md/algorithm/alg-sort-x-bucket.html]
[www.pdai.tech/assets/js/100.ac01285f.js]
[www.pdai.tech/md/algorithm/alg-sort-x-radix.html]
[www.pdai.tech/assets/js/105.fca86463.js]
[www.pdai.tech/md/algorithm/alg-core-dynamic.html]
[www.pdai.tech/assets/js/68.3d9b32e2.js]
[www.pdai.tech/md/algorithm/alg-core-greedy.html]
[www.pdai.tech/assets/js/69.29334519.js]
[www.pdai.tech/md/algorithm/alg-core-devide-two.html]
[www.pdai.tech/assets/js/66.efc467c1.js]
[www.pdai.tech/md/algorithm/alg-core-search.html]
[www.pdai.tech/assets/js/71.1939c036.js]
[www.pdai.tech/md/algorithm/alg-core-backtracking.html]
[www.pdai.tech/assets/js/65.e17ad4fb.js]
[www.pdai.tech/md/algorithm/alg-domain-overview.html]
[www.pdai.tech/assets/js/92.f4362e6e.js]
[www.pdai.tech/md/algorithm/alg-domain-security-secure.html]
[www.pdai.tech/assets/js/94.6140869c.js]
[www.pdai.tech/md/algorithm/alg-domain-security-sm.html]
[www.pdai.tech/assets/js/95.e5610f2c.js]
[www.pdai.tech/md/algorithm/alg-domain-char-match-bf.html]
[www.pdai.tech/assets/js/79.c1f6b3c6.js]
[www.pdai.tech/md/algorithm/alg-domain-char-match-kmp.html]
[www.pdai.tech/assets/js/81.2768eb68.js]
[www.pdai.tech/md/algorithm/alg-domain-char-match-bm.html]
[www.pdai.tech/assets/js/80.262cd204.js]
[www.pdai.tech/md/algorithm/alg-domain-char-match-st.html]
[www.pdai.tech/assets/js/82.562086a5.js]
[www.pdai.tech/md/algorithm/alg-domain-bigdata-devide-and-hash.html]
[www.pdai.tech/assets/js/75.cf923619.js]
[www.pdai.tech/md/algorithm/alg-domain-bigdata-bloom-filter.html]
[www.pdai.tech/assets/js/72.326424f4.js]
[www.pdai.tech/md/algorithm/alg-domain-bigdata-bucket.html]
[www.pdai.tech/assets/js/73.01569ba4.js]
[www.pdai.tech/md/algorithm/alg-domain-bigdata-db-index.html]
[www.pdai.tech/assets/js/74.93975a04.js]
[www.pdai.tech/md/algorithm/alg-domain-bigdata-outsort.html]
[www.pdai.tech/assets/js/77.49ec72fd.js]
[www.pdai.tech/md/algorithm/alg-domain-bigdata-map-reduce.html]
[www.pdai.tech/assets/js/76.40225e97.js]
[www.pdai.tech/md/algorithm/alg-domain-distribute-x-consistency-hash.html]
[www.pdai.tech/assets/js/85.8931ceb5.js]
[www.pdai.tech/md/algorithm/alg-domain-distribute-x-paxos.html]
[www.pdai.tech/assets/js/86.a698fcb6.js]
[www.pdai.tech/md/algorithm/alg-domain-distribute-x-raft.html]
[www.pdai.tech/assets/js/87.28f617d2.js]
[www.pdai.tech/md/algorithm/alg-domain-distribute-x-zab.html]
[www.pdai.tech/assets/js/88.55f32b2d.js]
[www.pdai.tech/md/db/sql/sql-db-theory-concept.html]
[www.pdai.tech/assets/js/236.3cbeae66.js]
[www.pdai.tech/md/db/sql/sql-db-theory-design.html]
[www.pdai.tech/assets/js/237.c1822626.js]
[www.pdai.tech/md/db/sql/sql-db-theory.html]
[www.pdai.tech/assets/js/238.5894eeeb.js]
[www.pdai.tech/md/db/sql-lan/sql-lan-pratice.html]
[www.pdai.tech/assets/js/223.b0e06354.js]
[www.pdai.tech/md/db/sql-lan/sql-lan-leetcode.html]
[www.pdai.tech/assets/js/221.d35bb2f5.js]
[www.pdai.tech/md/db/sql-lan/sql-lan-optimize.html]
[www.pdai.tech/assets/js/222.59f23d9e.js]
[www.pdai.tech/md/db/sql-mysql/sql-mysql-engine.html]
[www.pdai.tech/assets/js/227.59d1e1ed.js]
[www.pdai.tech/md/db/sql-mysql/sql-mysql-b-tree.html]
[www.pdai.tech/assets/js/225.4d546cf0.js]
[www.pdai.tech/md/db/sql-mysql/sql-mysql-performance.html]
[www.pdai.tech/assets/js/231.5a5ccb88.js]
[www.pdai.tech/md/db/sql-mysql/sql-mysql-devide.html]
[www.pdai.tech/assets/js/226.4579bc60.js]
[www.pdai.tech/md/db/sql-mysql/sql-mysql-slave.html]
[www.pdai.tech/assets/js/232.ab56e0d5.js]
[www.pdai.tech/md/db/sql-mysql/sql-mysql-execute.html]
[www.pdai.tech/assets/js/228.417a33aa.js]
[www.pdai.tech/md/db/nosql-redis/db-redis-introduce.html]
[www.pdai.tech/assets/js/203.f3b8a68d.js]
[www.pdai.tech/md/db/nosql-redis/db-redis-data-types.html]
[www.pdai.tech/assets/js/202.1735445c.js]
[www.pdai.tech/md/db/nosql-redis/db-redis-data-type-special.html]
[www.pdai.tech/assets/js/200.6feb0d9f.js]
[www.pdai.tech/md/db/nosql-redis/db-redis-data-type-stream.html]
[www.pdai.tech/assets/js/201.33b3f7d0.js]
[www.pdai.tech/md/db/nosql-redis/db-redis-x-redis-object.html]
[www.pdai.tech/assets/js/213.ddd4f821.js]
[www.pdai.tech/md/db/nosql-redis/db-redis-x-redis-ds.html]
[www.pdai.tech/assets/js/212.b0c3de49.js]
[www.pdai.tech/md/db/nosql-redis/db-redis-data-type-enc.html]
[www.pdai.tech/assets/js/199.821c9670.js]
[www.pdai.tech/md/db/nosql-redis/db-redis-x-rdb-aof.html]
[www.pdai.tech/assets/js/211.b9b11af8.js]
[www.pdai.tech/md/db/nosql-redis/db-redis-x-pub-sub.html]
[www.pdai.tech/assets/js/210.c0b6938c.js]
[www.pdai.tech/md/db/nosql-redis/db-redis-x-event.html]
[www.pdai.tech/assets/js/208.431c0946.js]
[www.pdai.tech/md/db/nosql-redis/db-redis-x-trans.html]
[www.pdai.tech/assets/js/215.45bd1acc.js]
[www.pdai.tech/md/db/nosql-redis/db-redis-x-copy.html]
[www.pdai.tech/assets/js/207.ec5ce7f2.js]
[www.pdai.tech/md/db/nosql-redis/db-redis-x-sentinel.html]
[www.pdai.tech/assets/js/214.e079e215.js]
[www.pdai.tech/md/db/nosql-redis/db-redis-x-cluster.html]
[www.pdai.tech/assets/js/206.9db48f0d.js]
[www.pdai.tech/md/db/nosql-redis/db-redis-x-cache.html]
[www.pdai.tech/assets/js/205.023c947e.js]
[www.pdai.tech/md/db/nosql-redis/db-redis-x-version-lastest.html]
[www.pdai.tech/assets/js/217.cbe6dce6.js]
[www.pdai.tech/md/db/nosql-redis/db-redis-y-monitor.html]
[www.pdai.tech/assets/js/218.bb6c71bc.js]
[www.pdai.tech/md/db/nosql-redis/db-redis-x-performance.html]
[www.pdai.tech/assets/js/209.a4fbf11a.js]
[www.pdai.tech/md/db/nosql-redis/db-redis-y-weibo.html]
[www.pdai.tech/assets/js/219.081780a8.js]
[www.pdai.tech/md/db/nosql-mongo/mongo-x-basic.html]
[www.pdai.tech/assets/js/178.9751cb64.js]
[www.pdai.tech/md/db/nosql-mongo/mongo-x-ecosystem.html]
[www.pdai.tech/assets/js/179.22bb67e9.js]
[www.pdai.tech/md/db/nosql-mongo/mongo-x-usage-1.html]
[www.pdai.tech/assets/js/180.6d162bde.js]
[www.pdai.tech/md/db/nosql-mongo/mongo-x-usage-2.html]
[www.pdai.tech/assets/js/181.c440a7af.js]
[www.pdai.tech/md/db/nosql-mongo/mongo-x-usage-3.html]
[www.pdai.tech/assets/js/182.61bdae23.js]
[www.pdai.tech/md/db/nosql-mongo/mongo-x-usage-4.html]
[www.pdai.tech/assets/js/183.7d8aa4e8.js]
[www.pdai.tech/md/db/nosql-mongo/mongo-x-usage-5.html]
[www.pdai.tech/assets/js/184.8efa350b.js]
[www.pdai.tech/md/db/nosql-mongo/mongo-y-arch.html]
[www.pdai.tech/assets/js/185.5e0e8de0.js]
[www.pdai.tech/md/db/nosql-mongo/mongo-y-introduce.html]
[www.pdai.tech/assets/js/190.d4e285db.js]
[www.pdai.tech/md/db/nosql-mongo/mongo-y-ds.html]
[www.pdai.tech/assets/js/189.0b126878.js]
[www.pdai.tech/md/db/nosql-mongo/mongo-y-page.html]
[www.pdai.tech/assets/js/191.2d0b1f3c.js]
[www.pdai.tech/md/db/nosql-mongo/mongo-y-checkpoint.html]
[www.pdai.tech/assets/js/187.8db3eef4.js]
[www.pdai.tech/assets/js/194.8d7f6a1e.js]
[www.pdai.tech/md/db/nosql-mongo/mongo-z-index.html]
[www.pdai.tech/md/db/nosql-mongo/mongo-z-rep.html]
[www.pdai.tech/assets/js/195.f5419f07.js]
[www.pdai.tech/md/db/nosql-mongo/mongo-z-sharding.html]
[www.pdai.tech/assets/js/196.d4886eb1.js]
[www.pdai.tech/md/db/nosql-mongo/mongo-z-backup.html]
[www.pdai.tech/assets/js/193.dd399cc3.js]
[www.pdai.tech/assets/js/177.6e2a0894.js]
[www.pdai.tech/md/db/nosql-mongo/mongo-performance-model.html]
[www.pdai.tech/md/db/nosql-mongo/mongo-y-doc.html]
[www.pdai.tech/assets/js/188.e4f051b7.js]
[www.pdai.tech/md/db/nosql-es/elasticsearch-x-introduce-1.html]
[www.pdai.tech/assets/js/165.e70f841c.js]
[www.pdai.tech/md/db/nosql-es/elasticsearch-x-introduce-2.html]
[www.pdai.tech/assets/js/166.a2804066.js]
[www.pdai.tech/md/db/nosql-es/elasticsearch-x-install.html]
[www.pdai.tech/assets/js/164.5a14de36.js]
[www.pdai.tech/md/db/nosql-es/elasticsearch-x-usage.html]
[www.pdai.tech/assets/js/167.28082ae3.js]
[www.pdai.tech/md/db/nosql-es/elasticsearch-x-index-mapping.html]
[www.pdai.tech/assets/js/162.dee02a04.js]
[www.pdai.tech/md/db/nosql-es/elasticsearch-x-index-template.html]
[www.pdai.tech/assets/js/163.bbdd848e.js]
[www.pdai.tech/md/db/nosql-es/elasticsearch-x-dsl-com.html]
[www.pdai.tech/assets/js/159.a2421df6.js]
[www.pdai.tech/md/db/nosql-es/elasticsearch-x-dsl-full-text.html]
[www.pdai.tech/assets/js/160.11e7c4e9.js]
[www.pdai.tech/md/db/nosql-es/elasticsearch-x-dsl-term.html]
[www.pdai.tech/assets/js/161.3cdcc5d1.js]
[www.pdai.tech/md/db/nosql-es/elasticsearch-x-agg-bucket.html]
[www.pdai.tech/assets/js/156.5429c29e.js]
[www.pdai.tech/md/db/nosql-es/elasticsearch-x-agg-metric.html]
[www.pdai.tech/assets/js/157.88f78352.js]
[www.pdai.tech/md/db/nosql-es/elasticsearch-x-agg-pipeline.html]
[www.pdai.tech/assets/js/158.3673b35d.js]
[www.pdai.tech/md/db/nosql-es/elasticsearch-y-th-1.html]
[www.pdai.tech/assets/js/169.3532977a.js]
[www.pdai.tech/md/db/nosql-es/elasticsearch-y-th-2.html]
[www.pdai.tech/assets/js/170.d81aeaa1.js]
[www.pdai.tech/md/db/nosql-es/elasticsearch-y-th-3.html]
[www.pdai.tech/assets/js/171.e2147d4f.js]
[www.pdai.tech/md/db/nosql-es/elasticsearch-y-th-4.html]
[www.pdai.tech/assets/js/172.8350331b.js]
[www.pdai.tech/md/db/nosql-es/elasticsearch-y-peformance.html]
[www.pdai.tech/assets/js/168.b20ca672.js]
[www.pdai.tech/md/db/nosql-es/elasticsearch-z-tencent.html]
[www.pdai.tech/assets/js/174.cd7fc448.js]
[www.pdai.tech/md/db/nosql-es/elasticsearch-awesome-es.html]
[www.pdai.tech/assets/js/149.4f619848.js]
[www.pdai.tech/md/db/nosql-es/elasticsearch-wrapper-query.html]
[www.pdai.tech/assets/js/155.3a8ff5bd.js]
[www.pdai.tech/md/db/nosql-es/elasticsearch-backup.html]
[www.pdai.tech/assets/js/150.2442a64b.js]
[www.pdai.tech/md/develop/package/dev-package-x-google-guava.html]
[www.pdai.tech/assets/js/282.e1082075.js]
[www.pdai.tech/md/develop/package/dev-package-x-hu-tool.html]
[www.pdai.tech/assets/js/283.8701e149.js]
[www.pdai.tech/md/develop/package/dev-package-x-spring-util.html]
[www.pdai.tech/assets/js/290.9ebd4b01.js]
[www.pdai.tech/md/develop/package/dev-package-x-log.html]
[www.pdai.tech/assets/js/285.1a5582e1.js]
[www.pdai.tech/md/develop/package/dev-package-x-json.html]
[www.pdai.tech/md/develop/package/dev-package-x-Lombok.html]
[www.pdai.tech/assets/js/284.f1d292a9.js]
[www.pdai.tech/md/develop/package/dev-package-x-mapstruct.html]
[www.pdai.tech/assets/js/287.ce5a7c0a.js]
[www.pdai.tech/md/develop/package/dev-package-x-others.html]
[www.pdai.tech/assets/js/288.7c6df68d.js]
[www.pdai.tech/md/develop/ut/dev-ut-x-junit5.html]
[www.pdai.tech/assets/js/339.1c2df3ef.js]
[www.pdai.tech/md/develop/ut/dev-ut-x-mockito.html]
[www.pdai.tech/assets/js/340.5828108c.js]
[www.pdai.tech/md/develop/ut/dev-ut-x-junit-idea.html]
[www.pdai.tech/assets/js/336.cdc42d43.js]
[www.pdai.tech/md/develop/ut/dev-ut-springboot2.html]
[www.pdai.tech/assets/js/332.2d6a411a.js]
[www.pdai.tech/md/develop/ut/dev-qt-code-style-2.html]
[www.pdai.tech/assets/js/327.451eac30.js]
[www.pdai.tech/md/develop/ut/dev-qt-code-style-1.html]
[www.pdai.tech/assets/js/326.3b9c427b.js]
[www.pdai.tech/md/develop/ut/dev-qt-spotbugs.html]
[www.pdai.tech/assets/js/331.83a0d726.js]
[www.pdai.tech/md/develop/regex/dev-regex-usage.html]
[www.pdai.tech/assets/js/308.ea7d55e5.js]
[www.pdai.tech/md/develop/regex/dev-regex-tools.html]
[www.pdai.tech/assets/js/307.acce1650.js]
[www.pdai.tech/md/develop/cron/dev-cron-x-tools.html]
[www.pdai.tech/assets/js/279.75042317.js]
[www.pdai.tech/md/develop/protocol/dev-protocol-network-basic.html]
[www.pdai.tech/assets/js/295.1d6fa348.js]
[www.pdai.tech/md/develop/protocol/dev-protocol-osi7.html]
[www.pdai.tech/assets/js/296.ba35a68b.js]
[www.pdai.tech/md/develop/protocol/dev-protocol-ip.html]
[www.pdai.tech/assets/js/293.d0cfc6db.js]
[www.pdai.tech/md/develop/protocol/dev-protocol-tcpip.html]
[www.pdai.tech/assets/js/298.996e9213.js]
[www.pdai.tech/md/develop/protocol/dev-protocol-udp.html]
[www.pdai.tech/assets/js/302.3ed93405.js]
[www.pdai.tech/md/develop/protocol/dev-protocol-http.html]
[www.pdai.tech/assets/js/292.e0edbf6e.js]
[www.pdai.tech/md/develop/protocol/dev-protocol-dns.html]
[www.pdai.tech/assets/js/291.3af9c2ec.js]
[www.pdai.tech/md/develop/protocol/dev-protocol-url.html]
[www.pdai.tech/assets/js/303.8b3b8f77.js]
[www.pdai.tech/md/develop/protocol/dev-protocol-tool-netstat.html]
[www.pdai.tech/assets/js/299.e8b470c4.js]
[www.pdai.tech/md/develop/protocol/dev-protocol-tool-tcpdump.html]
[www.pdai.tech/assets/js/300.1500f89e.js]
[www.pdai.tech/md/develop/protocol/dev-protocol-tool-wireshark.html]
[www.pdai.tech/assets/js/301.fb064730.js]
[www.pdai.tech/md/develop/security/dev-security-x-owasp.html]
[www.pdai.tech/assets/js/314.45c13919.js]
[www.pdai.tech/md/develop/security/dev-security-x-injection.html]
[www.pdai.tech/assets/js/313.beaf1c98.js]
[www.pdai.tech/md/develop/security/dev-security-x-csrf.html]
[www.pdai.tech/assets/js/311.79180dee.js]
[www.pdai.tech/md/develop/security/dev-security-x-xss.html]
[www.pdai.tech/assets/js/315.befd3230.js]
[www.pdai.tech/md/develop/security/dev-security-x-ddos.html]
[www.pdai.tech/assets/js/312.b21873b2.js]
[www.pdai.tech/md/develop/security/dev-security-x-click-hijack.html]
[www.pdai.tech/assets/js/310.2d9bc9a8.js]
[www.pdai.tech/md/develop/security/dev-security-y-pratice.html]
[www.pdai.tech/assets/js/317.3408be16.js]
[www.pdai.tech/md/develop/security/dev-security-y-pentest-workflow.html]
[www.pdai.tech/assets/js/316.66eddf43.js]
[www.pdai.tech/md/spring/spring.html]
[www.pdai.tech/assets/js/564.28d25c81.js]
[www.pdai.tech/assets/js/649.2a2a0cbb.js]
[www.pdai.tech/files/kaitao-springMVC.pdf]
[www.pdai.tech/md/spring/springmvc.html]
[www.pdai.tech/md/spring/spring-bean-lifecycle.html]
[www.pdai.tech/assets/js/550.8d1b2d6f.js]
[www.pdai.tech/md/spring/spring-aop.html]
[www.pdai.tech/assets/js/548.a8c07504.js]
[www.pdai.tech/md/spring/springboot-helloworld.html]
[www.pdai.tech/assets/js/577.c3cc92e1.js]
[www.pdai.tech/md/spring/springboot-data-swagger.html]
[www.pdai.tech/assets/js/574.db0d8bf4.js]
[www.pdai.tech/md/spring/springboot-data-logback.html]
[www.pdai.tech/assets/js/568.dd08d3b3.js]
[www.pdai.tech/md/spring/springboot-data-mybatis.html]
[www.pdai.tech/assets/js/571.ca189677.js]
[www.pdai.tech/assets/js/569.d5648ebe.js]
[www.pdai.tech/md/spring/springboot-data-mongodb.html]
[www.pdai.tech/md/outline/md/spring/springboot-data-multi.html]
[www.pdai.tech/md/spring/springboot-data-es.html]
[www.pdai.tech/assets/js/566.63f16d86.js]
[www.pdai.tech/md/spring/springboot-data-thymeleaf.html]
[www.pdai.tech/assets/js/575.e1684a05.js]
[www.pdai.tech/md/spring/springboot-data-websocket.html]
[www.pdai.tech/assets/js/576.cef1156e.js]
[www.pdai.tech/md/spring/springboot-data-interface.html]
[www.pdai.tech/assets/js/567.a3a56012.js]
[www.pdai.tech/md/spring/springboot-data-ratelimit.html]
[www.pdai.tech/assets/js/573.5288a02d.js]
[www.pdai.tech/assets/js/572.67406e3c.js]
[www.pdai.tech/md/spring/springboot-data-quartz.html]
[www.pdai.tech/md/spring/springboot-data-multi.html]
[www.pdai.tech/assets/js/570.0ad9800d.js]
[www.pdai.tech/md/spring/springboot-javaConfig.html]
[www.pdai.tech/assets/js/581.6e03e9fc.js]
[www.pdai.tech/md/spring/springboot-jar-3rd.html]
[www.pdai.tech/assets/js/580.3b12003f.js]
[www.pdai.tech/md/spring/springboot-starter-demo.html]
[www.pdai.tech/assets/js/586.1ae9c8a7.js]
[www.pdai.tech/md/spring/springboot-javafx-native.html]
[www.pdai.tech/assets/js/583.5fa3d156.js]
[www.pdai.tech/md/framework/tomcat/tomcat-x-arch.html]
[www.pdai.tech/assets/js/391.9433b81d.js]
[www.pdai.tech/md/framework/tomcat/tomcat-x-sourcecode.html]
[www.pdai.tech/assets/js/405.63b2b723.js]
[www.pdai.tech/md/framework/tomcat/tomcat-x-start.html]
[www.pdai.tech/assets/js/406.928a452a.js]
[www.pdai.tech/md/framework/tomcat/tomcat-x-classloader.html]
[www.pdai.tech/assets/js/393.bc78666b.js]
[www.pdai.tech/md/framework/tomcat/tomcat-x-catalina.html]
[www.pdai.tech/assets/js/392.e2042ffb.js]
[www.pdai.tech/md/framework/tomcat/tomcat-x-lifecycle.html]
[www.pdai.tech/assets/js/401.c8bfe7be.js]
[www.pdai.tech/md/framework/tomcat/tomcat-x-jmx.html]
[www.pdai.tech/assets/js/400.58168ae4.js]
[www.pdai.tech/md/framework/tomcat/tomcat-x-listener.html]
[www.pdai.tech/assets/js/402.921c3486.js]
[www.pdai.tech/md/framework/tomcat/tomcat-x-server.html]
[www.pdai.tech/assets/js/403.1c8773dd.js]
[www.pdai.tech/md/framework/tomcat/tomcat-x-service.html]
[www.pdai.tech/assets/js/404.7db794b0.js]
[www.pdai.tech/md/framework/tomcat/tomcat-x-executor.html]
[www.pdai.tech/assets/js/399.096e53ac.js]
[www.pdai.tech/md/framework/tomcat/tomcat-x-container.html]
[www.pdai.tech/assets/js/397.af78309c.js]
[www.pdai.tech/md/framework/tomcat/tomcat-x-container-engine.html]
[www.pdai.tech/assets/js/395.c5c5e63c.js]
[www.pdai.tech/md/framework/tomcat/tomcat-x-container-pipline.html]
[www.pdai.tech/assets/js/396.c5c625e1.js]
[www.pdai.tech/md/framework/tomcat/tomcat-x-connector.html]
[www.pdai.tech/assets/js/394.89d63ae3.js]
[www.pdai.tech/md/framework/orm-mybatis/mybatis-y-arch.html]
[www.pdai.tech/assets/js/377.0487d459.js]
[www.pdai.tech/md/framework/orm-mybatis/mybatis-y-init.html]
[www.pdai.tech/assets/js/385.e2c1c24d.js]
[www.pdai.tech/assets/js/381.c4468a87.js]
[www.pdai.tech/md/framework/orm-mybatis/mybatis-y-config-load.html]
[www.pdai.tech/md/framework/orm-mybatis/mybatis-y-config-list.html]
[www.pdai.tech/assets/js/380.c5172cd2.js]
[www.pdai.tech/md/framework/orm-mybatis/mybatis-y-config-mapper.html]
[www.pdai.tech/assets/js/382.c5ffd116.js]
[www.pdai.tech/md/framework/orm-mybatis/mybatis-y-sql-exec.html]
[www.pdai.tech/assets/js/388.884ce9ec.js]
[www.pdai.tech/md/framework/orm-mybatis/mybatis-y-dynamic-sql.html]
[www.pdai.tech/assets/js/384.518dec5f.js]
[www.pdai.tech/md/framework/orm-mybatis/mybatis-y-plugin.html]
[www.pdai.tech/assets/js/387.653edb81.js]
[www.pdai.tech/md/framework/orm-mybatis/mybatis-y-plugin-page.html]
[www.pdai.tech/assets/js/386.ef709387.js]
[www.pdai.tech/md/framework/orm-mybatis/mybatis-y-datasource.html]
[www.pdai.tech/assets/js/383.aab571e7.js]
[www.pdai.tech/md/framework/orm-mybatis/mybatis-y-trans.html]
[www.pdai.tech/assets/js/389.7b8cf3d0.js]
[www.pdai.tech/md/framework/orm-mybatis/mybatis-y-cache-level1.html]
[www.pdai.tech/assets/js/378.9ba76684.js]
[www.pdai.tech/md/framework/orm-mybatis/mybatis-y-cache-level2.html]
[www.pdai.tech/assets/js/379.cfa06efb.js]
[www.pdai.tech/md/devops/tool/tool-list-project-management.html]
[www.pdai.tech/assets/js/369.73950429.js]
[www.pdai.tech/md/devops/tool/tool-list-ide.html]
[www.pdai.tech/assets/js/365.3f6edb42.js]
[www.pdai.tech/md/devops/tool/tool-list-kanban.html]
[www.pdai.tech/assets/js/366.d7af8d97.js]
[www.pdai.tech/md/devops/tool/tool-list-bug-tracking.html]
[www.pdai.tech/assets/js/362.a4fb8d4b.js]
[www.pdai.tech/md/devops/tool/tool-list-cicd.html]
[www.pdai.tech/assets/js/363.f768ddcc.js]
[www.pdai.tech/md/devops/tool/tool-list-api-management.html]
[www.pdai.tech/assets/js/361.dc779b5a.js]
[www.pdai.tech/md/devops/tool/tool-list-monitoring.html]
[www.pdai.tech/assets/js/367.650ac2e3.js]
[www.pdai.tech/md/devops/tool/tool-list-wiki-doc.html]
[www.pdai.tech/assets/js/370.de829a5f.js]
[www.pdai.tech/md/devops/tool/tool-list-file-management-share.html]
[www.pdai.tech/assets/js/364.65751f60.js]
[www.pdai.tech/assets/js/373.ac597a67.js]
[www.pdai.tech/md/devops/tool/tool.html]
[www.pdai.tech/md/devops/tool/tool-jenkins-gitlab.html]
[www.pdai.tech/assets/js/360.be669a8f.js]
[www.pdai.tech/md/devops/linux/linux-usage.html]
[www.pdai.tech/assets/js/355.7f102af6.js]
[www.pdai.tech/md/devops/linux/linux-curl.html]
[www.pdai.tech/assets/js/353.8f6d7e9e.js]
[www.pdai.tech/md/devops/linux/linux-service.html]
[www.pdai.tech/assets/js/354.23085c7d.js]
[www.pdai.tech/md/devops/docker/docker-01-docker-vm.html]
[www.pdai.tech/assets/js/342.2e7e0e84.js]
[www.pdai.tech/md/devops/docker/docker-02-basic.html]
[www.pdai.tech/assets/js/343.91ce28cd.js]
[www.pdai.tech/md/devops/docker/docker-03-basic2.html]
[www.pdai.tech/assets/js/345.2d3fb693.js]
[www.pdai.tech/md/devops/docker/docker-03-basic-web-app.html]
[www.pdai.tech/assets/js/344.5c395059.js]
[www.pdai.tech/md/devops/docker/docker-07-network.html]
[www.pdai.tech/assets/js/349.02685c61.js]
[www.pdai.tech/md/devops/docker/docker-06-data.html]
[www.pdai.tech/assets/js/348.a0da916f.js]
[www.pdai.tech/md/dev-spec/spec/dev-knowledge.html]
[www.pdai.tech/assets/js/271.2681efbc.js]
[www.pdai.tech/assets/js/245.3188c33d.js]
[www.pdai.tech/md/dev-spec/code-style/code-style-twitter.html]
[www.pdai.tech/md/dev-spec/pattern/2_singleton.html]
[www.pdai.tech/assets/js/263.c2d2b56f.js]
[www.pdai.tech/md/dev-spec/pattern/3_simple_factory.html]
[www.pdai.tech/assets/js/264.5ec85ef8.js]
[www.pdai.tech/md/dev-spec/pattern/4_factory_method.html]
[www.pdai.tech/assets/js/265.d6190925.js]
[www.pdai.tech/md/dev-spec/pattern/5_abstract_factory.html]
[www.pdai.tech/assets/js/266.cbb72c70.js]
[www.pdai.tech/md/dev-spec/pattern/6_builder.html]
[www.pdai.tech/assets/js/267.f532b4cc.js]
[www.pdai.tech/md/dev-spec/pattern/7_prototype.html]
[www.pdai.tech/assets/js/268.fca3a03b.js]
[www.pdai.tech/md/dev-spec/pattern/8_facade.html]
[www.pdai.tech/assets/js/269.6f2cda7a.js]
[www.pdai.tech/md/dev-spec/pattern/9_adapter.html]
[www.pdai.tech/assets/js/270.79548f4a.js]
[www.pdai.tech/md/dev-spec/pattern/10_bridge.html]
[www.pdai.tech/assets/js/246.cfbe0a35.js]
[www.pdai.tech/md/dev-spec/pattern/11_compsite.html]
[www.pdai.tech/assets/js/247.0c306f23.js]
[www.pdai.tech/md/dev-spec/pattern/12_decorator.html]
[www.pdai.tech/assets/js/248.c05d4aaa.js]
[www.pdai.tech/md/dev-spec/pattern/13_flyweight.html]
[www.pdai.tech/assets/js/249.33159e42.js]
[www.pdai.tech/md/dev-spec/pattern/14_proxy.html]
[www.pdai.tech/assets/js/250.494b7dda.js]
[www.pdai.tech/md/dev-spec/pattern/15_chain.html]
[www.pdai.tech/assets/js/251.34841c8b.js]
[www.pdai.tech/md/dev-spec/pattern/16_strategy.html]
[www.pdai.tech/assets/js/252.d8b93e52.js]
[www.pdai.tech/md/dev-spec/pattern/17_template.html]
[www.pdai.tech/assets/js/253.7a432ac1.js]
[www.pdai.tech/md/dev-spec/pattern/18_command.html]
[www.pdai.tech/assets/js/254.98611baf.js]
[www.pdai.tech/md/dev-spec/pattern/19_observer.html]
[www.pdai.tech/assets/js/255.91df2179.js]
[www.pdai.tech/md/dev-spec/pattern/20_visitor.html]
[www.pdai.tech/assets/js/257.da0a3133.js]
[www.pdai.tech/md/dev-spec/pattern/21_state.html]
[www.pdai.tech/assets/js/258.1a860dee.js]
[www.pdai.tech/md/dev-spec/pattern/22_interpreter.html]
[www.pdai.tech/assets/js/259.401c2321.js]
[www.pdai.tech/md/dev-spec/pattern/23_iterator.html]
[www.pdai.tech/assets/js/260.c41332d8.js]
[www.pdai.tech/md/dev-spec/pattern/24_mediator.html]
[www.pdai.tech/assets/js/261.10b4058b.js]
[www.pdai.tech/md/dev-spec/pattern/25_memento.html]
[www.pdai.tech/assets/js/262.37fa9b3e.js]
[www.pdai.tech/md/arch/arch-x-service.html]
[www.pdai.tech/assets/js/127.89a2f4ee.js]
[www.pdai.tech/md/arch/arch-x-core-metrics.html]
[www.pdai.tech/assets/js/121.a804d1a0.js]
[www.pdai.tech/md/arch/arch-example-xianyu-goods.html]
[www.pdai.tech/assets/js/115.741bce7d.js]
[www.pdai.tech/md/arch/arch-example-xianyu-jiaoyi.html]
[www.pdai.tech/assets/js/116.94fc391f.js]
[www.pdai.tech/md/arch/arch-example-xianyu-laxintoufang.html]
[www.pdai.tech/assets/js/117.32029e85.js]
[www.pdai.tech/md/arch/arch-example-xianyu-search.html]
[www.pdai.tech/assets/js/118.c1c40ff4.js]
[www.pdai.tech/md/arch/arch-example-meituan-peisong.html]
[www.pdai.tech/assets/js/112.5761452a.js]
[www.pdai.tech/md/arch/arch-example-meituan-jishiwuliu.html]
[www.pdai.tech/assets/js/111.0306f472.js]
[www.pdai.tech/md/arch/arch-example-meituan-waimai.html]
[www.pdai.tech/assets/js/113.f220d37b.js]
[www.pdai.tech/md/arch/arch-example-meituan-db-hp.html]
[www.pdai.tech/assets/js/110.06eb7deb.js]
[www.pdai.tech/md/arch/arch-example-meituan-db-binlog.html]
[www.pdai.tech/assets/js/109.0d14a14d.js]
[www.pdai.tech/md/about/me/about-arch.html]
[www.pdai.tech/assets/js/37.66de2e75.js]
[www.pdai.tech/md/about/me/about-motivation.html]
[www.pdai.tech/assets/js/41.548aec4d.js]
[www.pdai.tech/md/about/me/about-content.html]
[www.pdai.tech/assets/js/39.87b21534.js]
[www.pdai.tech/assets/js/38.f7a1946d.js]
[www.pdai.tech/md/about/me/about-content-style.html]
[www.pdai.tech/md/about/blog/blog-build-ci.html]
[www.pdai.tech/assets/js/26.70c7bd95.js]
[www.pdai.tech/md/about/blog/blog-build-cd.html]
[www.pdai.tech/assets/js/25.c0224b07.js]
[www.pdai.tech/md/about/blog/blog-build-ssl.html]
[www.pdai.tech/assets/js/27.32609ab7.js]
[www.pdai.tech/md/java/java8up/java9.html]
[www.pdai.tech/assets/js/463.45645c77.js]
[www.pdai.tech/md/java/java8up/java10.html]
[www.pdai.tech/assets/js/458.3a991706.js]
[www.pdai.tech/md/java/java8up/java11.html]
[www.pdai.tech/assets/js/459.6d265893.js]
[www.pdai.tech/md/java/java8up/java13.html]
[www.pdai.tech/assets/js/460.dcdf3ba6.js]
[www.pdai.tech/md/java/java8up/java14.html]
[www.pdai.tech/assets/js/461.d079cf43.js]
[www.pdai.tech/md/java/java8up/java15.html]
[www.pdai.tech/assets/js/462.9037b42e.js]
[www.pdai.tech/md/java/jvm/java-jvm-gc-g1.html]
[www.pdai.tech/assets/js/473.5ba93426.js]
[www.pdai.tech/md/java/jvm/java-jvm-thread-dump.html]
[www.pdai.tech/assets/js/479.2fdc511d.js]
[www.pdai.tech/assets/js/483.20ba2776.js]
[www.pdai.tech/md/java/others/java-others-better-java.html]
[www.pdai.tech/md/algorithm/alg-core-overview.html]
[www.pdai.tech/assets/js/70.8f8b4464.js]
[www.pdai.tech/md/db/sql-mysql/sql-mysql-mvcc.html]
[www.pdai.tech/assets/js/229.1a0c0775.js]
[www.pdai.tech/md/db/nosql-redis/db-redis-z-mianshi.html]
[www.pdai.tech/assets/js/220.30ccd58d.js]
[www.pdai.tech/md/db/nosql-mongo/mongo-y-trans.html]
[www.pdai.tech/assets/js/192.d3694411.js]
[www.pdai.tech/md/db/nosql-mongo/mongo-y-cache.html]
[www.pdai.tech/assets/js/186.3c460780.js]
[www.pdai.tech/md/db/nosql-mongo/postgresql-replace.html]
[www.pdai.tech/assets/js/198.253ab069.js]
[www.pdai.tech/md/develop/package/dev-package-x-lombok-2.html]
[www.pdai.tech/assets/js/286.c0d3a31a.js]
[www.pdai.tech/md/develop/ut/dev-qt-overview.html]
[www.pdai.tech/assets/js/329.81ea9d2f.js]
[www.pdai.tech/md/develop/refactor/dev-refactor-not-null.html]
[www.pdai.tech/assets/js/305.278ab3c3.js]
[www.pdai.tech/assets/js/324.eb313189.js]
[www.pdai.tech/md/develop/usage/dev-usage-overview.html]
[www.pdai.tech/md/develop/usage/dev-usage-newObj.html]
[www.pdai.tech/assets/js/323.8681d8c3.js]
[www.pdai.tech/md/develop/usage/dev-usage-exe-package.html]
[www.pdai.tech/assets/js/318.12595628.js]
[www.pdai.tech/md/develop/usage/dev-usage-jar-readfile.html]
[www.pdai.tech/assets/js/322.798c8555.js]
[www.pdai.tech/md/develop/usage/dev-usage-input-password.html]
[www.pdai.tech/assets/js/321.27199f7c.js]
[www.pdai.tech/md/develop/usage/dev-usage-export-pdf.html]
[www.pdai.tech/assets/js/319.96ad043c.js]
[www.pdai.tech/md/develop/usage/dev-usage-flotjs.html]
[www.pdai.tech/assets/js/320.3edcd4c0.js]
[www.pdai.tech/md/develop/usage/dev-usage-zkfinger.html]
[www.pdai.tech/assets/js/325.3942b2e9.js]
[www.pdai.tech/md/spring/spring-x-framework-helloworld.html]
[www.pdai.tech/assets/js/555.af808e42.js]
[www.pdai.tech/assets/js/551.df079da1.js]
[www.pdai.tech/md/spring/spring-x-framework-annotation.html]
[www.pdai.tech/assets/js/561.46cfe2e8.js]
[www.pdai.tech/md/spring/spring-x-framework-spring5.html]
[www.pdai.tech/md/spring/spring-x-framework-ioc-source-1.html]
[www.pdai.tech/assets/js/557.fa3106ea.js]
[www.pdai.tech/md/spring/spring-x-framework-ioc-source-2.html]
[www.pdai.tech/assets/js/558.6179544c.js]
[www.pdai.tech/md/spring/spring-x-framework-ioc-source-3.html]
[www.pdai.tech/assets/js/559.9620f93f.js]
[www.pdai.tech/assets/js/552.56ef8e70.js]
[www.pdai.tech/md/spring/spring-x-framework-aop-source-1.html]
[www.pdai.tech/assets/js/553.b7b23a8d.js]
[www.pdai.tech/md/spring/spring-x-framework-aop-source-2.html]
[www.pdai.tech/assets/js/562.e4011349.js]
[www.pdai.tech/md/spring/spring-x-framework-springmvc-source-1.html]
[www.pdai.tech/md/spring/springboot/springboot.html]
[www.pdai.tech/assets/js/647.77fafb55.js]
[www.pdai.tech/md/spring/springboot/springboot-x-overview.html]
[www.pdai.tech/assets/js/628.8d2402ae.js]
[www.pdai.tech/md/spring/springboot/springboot-x-hello-world-mvc.html]
[www.pdai.tech/assets/js/596.565148a4.js]
[www.pdai.tech/md/spring/springboot/springboot-x-hello-h2-jpa.html]
[www.pdai.tech/assets/js/594.c9ae0d94.js]
[www.pdai.tech/md/spring/springboot/springboot-x-hello-banner.html]
[www.pdai.tech/assets/js/592.7bc42142.js]
[www.pdai.tech/md/spring/springboot/springboot-x-hello-logback.html]
[www.pdai.tech/assets/js/595.4b64c754.js]
[www.pdai.tech/md/spring/springboot/springboot-x-hello-devtool.html]
[www.pdai.tech/assets/js/593.3c2d43f9.js]
[www.pdai.tech/md/spring/springboot/springboot-x-hello-anno.html]
[www.pdai.tech/assets/js/591.7c87edae.js]
[www.pdai.tech/md/spring/springboot/springboot-x-interface-param.html]
[www.pdai.tech/assets/js/607.a16f97d3.js]
[www.pdai.tech/md/spring/springboot/springboot-x-interface-param-i18n.html]
[www.pdai.tech/assets/js/606.c0cf658b.js]
[www.pdai.tech/md/spring/springboot/springboot-x-interface-exception.html]
[www.pdai.tech/assets/js/603.baec69ca.js]
[www.pdai.tech/md/spring/springboot/springboot-x-interface-version.html]
[www.pdai.tech/assets/js/609.bf6e0cca.js]
[www.pdai.tech/md/spring/springboot/springboot-x-interface-doc.html]
[www.pdai.tech/assets/js/602.b0aea8f9.js]
[www.pdai.tech/md/spring/springboot/springboot-x-interface-doc-smart.html]
[www.pdai.tech/assets/js/600.02d1875f.js]
[www.pdai.tech/md/spring/springboot/springboot-x-interface-doc-tool.html]
[www.pdai.tech/assets/js/601.a86c42a4.js]
[www.pdai.tech/md/spring/springboot/springboot-x-interface-3rd.html]
[www.pdai.tech/assets/js/598.3402500e.js]
[www.pdai.tech/md/spring/springboot/springboot-x-interface-mideng.html]
[www.pdai.tech/assets/js/605.a510e12a.js]
[www.pdai.tech/md/spring/springboot/springboot-x-interface-jiami.html]
[www.pdai.tech/assets/js/604.f6c7c78b.js]
[www.pdai.tech/md/spring/springboot/springboot-x-interface-xianliu.html]
[www.pdai.tech/assets/js/611.2a913901.js]
[www.pdai.tech/md/spring/springboot/springboot-x-interface-xianliu-dist.html]
[www.pdai.tech/assets/js/610.4a071975.js]
[www.pdai.tech/md/spring/springboot/springboot-x-mysql-mybatis-xml.html]
[www.pdai.tech/assets/js/626.90041f10.js]
[www.pdai.tech/md/spring/springboot/springboot-x-mysql-mybatis-anno.html]
[www.pdai.tech/assets/js/620.6a5d49dc.js]
[www.pdai.tech/assets/js/622.9ae9be56.js]
[www.pdai.tech/md/spring/springboot/springboot-x-mysql-mybatis-page.html]
[www.pdai.tech/md/spring/springboot/springboot-x-mysql-mybatis-multi-ds.html]
[www.pdai.tech/assets/js/621.6f128df9.js]
[www.pdai.tech/md/spring/springboot/springboot-x-mysql-mybatis-plus.html]
[www.pdai.tech/assets/js/625.83a576db.js]
[www.pdai.tech/md/spring/springboot/springboot-x-mysql-mybatis-plus-gen.html]
[www.pdai.tech/assets/js/623.a8088691.js]
[www.pdai.tech/md/spring/springboot/springboot-x-mysql-mybatis-plus-multi-tenant.html]
[www.pdai.tech/assets/js/624.628cd3ca.js]
[www.pdai.tech/assets/js/627.911e7a58.js]
[www.pdai.tech/md/spring/springboot/springboot-x-mysql-shardingjdbc.html]
[www.pdai.tech/md/spring/springboot/springboot-x-mysql-HikariCP.html]
[www.pdai.tech/assets/js/615.9876f654.js]
[www.pdai.tech/assets/js/616.ff1603de.js]
[www.pdai.tech/md/spring/springboot/springboot-x-mysql-druid.html]
[www.pdai.tech/md/spring/springboot/springboot-x-mysql-liquibase.html]
[www.pdai.tech/assets/js/619.760d1968.js]
[www.pdai.tech/assets/js/617.22f063cb.js]
[www.pdai.tech/md/spring/springboot/springboot-x-mysql-flyway.html]
[www.pdai.tech/assets/js/629.bdde45e8.js]
[www.pdai.tech/md/spring/springboot/springboot-x-postgre-jpa-jsonb.html]
[www.pdai.tech/assets/js/612.c1c8f198.js]
[www.pdai.tech/md/spring/springboot/springboot-x-mongodb-template.html]
[www.pdai.tech/assets/js/632.8f2e5b72.js]
[www.pdai.tech/md/spring/springboot/springboot-x-socket-netty.html]
[www.pdai.tech/md/spring/springboot/springboot-x-task-executor-timer.html]
[www.pdai.tech/assets/js/635.b00273ce.js]
[www.pdai.tech/md/spring/springboot/springboot-x-task-spring-task-timer.html]
[www.pdai.tech/assets/js/639.0e3508a9.js]
[www.pdai.tech/assets/js/636.f1ac0039.js]
[www.pdai.tech/md/spring/springboot/springboot-x-task-hashwheeltimer-timer.html]
[www.pdai.tech/md/spring/springboot/springboot-x-task-quartz-timer.html]
[www.pdai.tech/assets/js/638.d4d9ab2d.js]
[www.pdai.tech/assets/js/637.5ff46edf.js]
[www.pdai.tech/md/spring/springboot/springboot-x-task-quartz-cluster-timer.html]
[www.pdai.tech/md/spring/springboot/springboot-x-task-elastic-job-timer.html]
[www.pdai.tech/assets/js/634.907244d3.js]
[www.pdai.tech/assets/js/641.51c4f3eb.js]
[www.pdai.tech/md/spring/springboot/springboot-x-task-xxl-job-timer.html]
[www.pdai.tech/md/spring/springboot/springboot-x-monitor-boot-admin.html]
[www.pdai.tech/assets/js/614.b1e9f660.js]
[www.pdai.tech/md/spring/springboot/springboot-y-starter.html]
[www.pdai.tech/assets/js/644.9d498bf5.js]
[www.pdai.tech/assets/js/646.5cb5bfca.js]
[www.pdai.tech/md/spring/springboot/springboot-y-wrap-tomcat.html]
[www.pdai.tech/assets/js/645.3b8dd6d9.js]
[www.pdai.tech/md/spring/springboot/springboot-y-th-actuartor.html]
[www.pdai.tech/md/arch/arch-x-pattern-2.html]
[www.pdai.tech/assets/js/124.35ad1bbd.js]
[www.pdai.tech/assets/js/120.02129429.js]
[www.pdai.tech/md/arch/arch-x-books.html]
[www.pdai.tech/assets/js/141.6a8239db.js]
[www.pdai.tech/md/arch/arch-z-overview.html]
[www.pdai.tech/md/arch/arch-z-theory.html]
[www.pdai.tech/assets/js/144.64097fbb.js]
[www.pdai.tech/md/arch/arch-z-id.html]
[www.pdai.tech/assets/js/137.8954713b.js]
[www.pdai.tech/md/arch/arch-z-lock.html]
[www.pdai.tech/assets/js/139.6228a875.js]
[www.pdai.tech/md/arch/arch-z-transection.html]
[www.pdai.tech/assets/js/146.f575be34.js]
[www.pdai.tech/md/arch/arch-z-cache.html]
[www.pdai.tech/assets/js/134.cc977bbf.js]
[www.pdai.tech/assets/js/138.412e7079.js]
[www.pdai.tech/md/arch/arch-z-job.html]
[www.pdai.tech/md/arch/arch-z-session.html]
[www.pdai.tech/assets/js/142.87edad81.js]
[www.pdai.tech/assets/js/145.e3a43e71.js]
[www.pdai.tech/md/arch/arch-z-trace.html]
[www.pdai.tech/assets/js/136.17629611.js]
[www.pdai.tech/md/arch/arch-z-file.html]
[www.pdai.tech/assets/js/143.a9a1fa33.js]
[www.pdai.tech/md/arch/arch-z-store.html]
[www.pdai.tech/md/arch/arch-z-calculate.html]
[www.pdai.tech/assets/js/135.671c5aac.js]
[www.pdai.tech/md/arch/arch-z-wrong.html]
[www.pdai.tech/assets/js/147.d53fc2ba.js]
[www.pdai.tech/md/arch/microservice/arch-m-singleton-2.html]
[www.pdai.tech/assets/js/148.7bc863bb.js]
[www.pdai.tech/md/devops/tool/tool-maven-nexus.html]
[www.pdai.tech/assets/js/371.134212cb.js]
[www.pdai.tech/md/devops/linux/linux-zero-copy.html]
[www.pdai.tech/assets/js/356.bfa70ec0.js]
[www.pdai.tech/md/devops/linux/linux-ab-test.html]
[www.pdai.tech/assets/js/352.5c317304.js]
[www.pdai.tech/assets/js/346.63652a5b.js]
[www.pdai.tech/md/devops/docker/docker-04-dockerfile.html]
[www.pdai.tech/assets/js/347.7b4390c5.js]
[www.pdai.tech/md/devops/docker/docker-05-compose.html]
[www.pdai.tech/assets/js/350.14d7a3ef.js]
[www.pdai.tech/md/devops/docker/docker-08-layer.html]
[www.pdai.tech/assets/js/351.6fadd93f.js]
[www.pdai.tech/md/devops/docker/docker-09-security.html]
[www.pdai.tech/md/project/project-a-1.html]
[www.pdai.tech/assets/js/514.119c6b8c.js]
[www.pdai.tech/md/project/project-a-2-1.html]
[www.pdai.tech/assets/js/515.ac1f4bf4.js]
[www.pdai.tech/md/project/project-a-2-2.html]
[www.pdai.tech/assets/js/516.de06cc02.js]
[www.pdai.tech/md/project/project-a-2-3.html]
[www.pdai.tech/assets/js/517.e04a50c2.js]
[www.pdai.tech/assets/js/518.4ba15979.js]
[www.pdai.tech/md/project/project-a-3-1.html]
[www.pdai.tech/md/project/project-a-3-2.html]
[www.pdai.tech/assets/js/519.84abfeb9.js]
[www.pdai.tech/assets/js/520.141e57fe.js]
[www.pdai.tech/md/project/project-a-3-3.html]
[www.pdai.tech/assets/js/521.5886f9cf.js]
[www.pdai.tech/md/project/project-a-4.html]
[www.pdai.tech/md/project/project-b-web-tech.html]
[www.pdai.tech/assets/js/522.752156c5.js]
[www.pdai.tech/assets/js/523.341374b4.js]
[www.pdai.tech/md/project/project-b-xold-demo.html]
[www.pdai.tech/assets/js/524.5273ef46.js]
[www.pdai.tech/md/project/project-b-xold-project.html]
[www.pdai.tech/md/project/project-c-ruoyi-fast.html]
[www.pdai.tech/assets/js/525.46c46d1f.js]
[www.pdai.tech/assets/js/526.9a9a6cc9.js]
[www.pdai.tech/md/project/project-c-ruoyi-multiple.html]
[www.pdai.tech/assets/js/527.16ba669f.js]
[www.pdai.tech/md/project/project-c-ruoyi-vue.html]
[www.pdai.tech/assets/js/528.1526eaf3.js]
[www.pdai.tech/md/project/project-c-ruoyi-xcloud.html]
[www.pdai.tech/md/project/project-g-mall4j-1.html]
[www.pdai.tech/assets/js/529.b4b4af9e.js]
[www.pdai.tech/assets/js/530.cc7c0b2c.js]
[www.pdai.tech/md/project/project-g-mall4j-2.html]
[www.pdai.tech/assets/js/531.efb00fdc.js]
[www.pdai.tech/md/project/project-g-mall4j-3.html]
[www.pdai.tech/assets/js/532.c355130a.js]
[www.pdai.tech/md/project/project-g-yshop-1.html]
[www.pdai.tech/assets/js/534.31bf3efb.js]
[www.pdai.tech/md/project/project-s-seckill.html]
[www.pdai.tech/md/project/project-v-00-overview.html]
[www.pdai.tech/assets/js/535.2ea46fee.js]
[www.pdai.tech/assets/js/536.43666659.js]
[www.pdai.tech/md/project/project-v-01-rebuild.html]
[www.pdai.tech/md/project/project-v-02-tech-deep.html]
[www.pdai.tech/assets/js/537.691dddae.js]
[www.pdai.tech/assets/js/538.cdf25790.js]
[www.pdai.tech/md/project/project-v-03-tech-wide.html]
[www.pdai.tech/assets/js/539.539d4a87.js]
[www.pdai.tech/md/project/project-v-04-team.html]
[www.pdai.tech/assets/js/540.fc04b569.js]
[www.pdai.tech/md/project/project-v-05-workflow.html]
[www.pdai.tech/assets/js/541.3201a1a6.js]
[www.pdai.tech/md/project/project-v-06-arch.html]
[www.pdai.tech/assets/js/542.576b1967.js]
[www.pdai.tech/md/project/project-v-06-quality.html]
[www.pdai.tech/assets/js/543.a0d98bea.js]
[www.pdai.tech/md/project/project-v-07-online.html]
[www.pdai.tech/assets/js/544.1cda34ad.js]
[www.pdai.tech/md/project/project-v-08-ops.html]
[www.pdai.tech/md/dev-spec/certificate/cert-cmm.html]
[www.pdai.tech/assets/js/241.7d0707df.js]
[www.pdai.tech/md/dev-spec/certificate/cert-dengbao.html]
[www.pdai.tech/assets/js/242.0da389f8.js]
[www.pdai.tech/md/dev-spec/certificate/cert-iso27001.html]
[www.pdai.tech/assets/js/243.59938a32.js]
[www.pdai.tech/md/team/person/person-fupan.html]
[www.pdai.tech/assets/js/653.f49dc028.js]
[www.pdai.tech/md/team/person/person-how-to-ask.html]
[www.pdai.tech/assets/js/654.97f7c6ca.js]
[www.pdai.tech/md/team/person/person-5w2h.html]
[www.pdai.tech/assets/js/651.270831aa.js]
[www.pdai.tech/md/team/person/person-masilu-model.html]
[www.pdai.tech/assets/js/655.15045afe.js]
[www.pdai.tech/md/team/person/person-bingshan-model.html]
[www.pdai.tech/assets/js/652.b3dfb7f4.js]
[www.pdai.tech/md/team/person/person-xiaolv.html]
[www.pdai.tech/assets/js/657.714374a6.js]
[www.pdai.tech/md/team/person/person-think-model.html]
[www.pdai.tech/assets/js/656.d40d39b0.js]
[www.pdai.tech/md/team/team-z-value.html]
[www.pdai.tech/assets/js/662.650074fa.js]
[www.pdai.tech/md/team/product/product-wailou.html]
[www.pdai.tech/assets/js/658.dad82fa1.js]
[www.pdai.tech/md/team/team-z-x-4-control.html]
[www.pdai.tech/assets/js/664.d2eb5774.js]
[www.pdai.tech/md/about/others/others-project-netscan.html]
[www.pdai.tech/assets/js/46.9cb454cb.js]
[www.pdai.tech/md/about/others/others-research-nodered.html]
[www.pdai.tech/assets/js/47.60d6a36f.js]
[www.pdai.tech/md/about/book/book-ebook-awaresome.html]
[www.pdai.tech/assets/js/30.99443135.js]
[www.pdai.tech/md/about/book/book-read-arch-extendable.html]
[www.pdai.tech/assets/js/31.61cc302f.js]
[www.pdai.tech/md/about/book/book-read-code-art.html]
[www.pdai.tech/assets/js/32.3576cbbf.js]
[www.pdai.tech/md/about/book/book-read-code-rebuild.html]
[www.pdai.tech/assets/js/33.da8bc413.js]
[www.pdai.tech/md/about/book/book-read-devops-inaction.html]
[www.pdai.tech/assets/js/34.6b246309.js]
[www.pdai.tech/assets/js/35.8acfb5c8.js]
[www.pdai.tech/md/about/book/book-read-offer.html]
[www.pdai.tech/md/about/book/book-read-scrum-xp.html]
[www.pdai.tech/md/about/blog/vuepress.html]
[www.pdai.tech/md/devops/tool/intellij-back-forward.html]
[www.pdai.tech/md/spring/md/spring/springboot-data-multi.html]
[www.pdai.tech/md/devops/tool/swagger.html]
[www.pdai.tech/md/devops/tool/intellij.html]
[www.pdai.tech/md/dev-spec/code-style/[ExecutorService](http_/docs.oracle.com/javase/7/docs/api/java/util/concurrent/ExecutorService.html]
[www.pdai.tech/md/spring/springboot/md/framework/orm-mybatis/mybatis-y-arch.html]
[www.pdai.tech/md/arch/æ¡ä¾-ç§æå°ç».html]
[www.pdai.tech/md/arch/æ¡ä¾-å¾®åä¸çè´¢ç¤¾åºcacheåæ.html]
[www.pdai.tech/md/arch/æ¡ä¾-å¬ä¼å·å¢éæ¶æ¯åæ­¥æ¹é .html]
[www.pdai.tech/md/arch/ç¤¾åºç¨³å®æ§ä¹éçº§.html]
[www.pdai.tech/md/arch/æ¡ä¾-è®¡æ°å¨.html]
[www.pdai.tech/md/arch/æ¡ä¾-è´´å­æ¥¼å±å·.html]
[www.pdai.tech/md/arch/æ¶æææ³.html]
[www.pdai.tech/md/arch/å¤§åç½ç«ææ¯æ¶æ.html]
[www.pdai.tech/md/arch/microservice-introduce.html]
[www.pdai.tech/md/arch/SOAä¸å¾®æå¡.html]
[www.pdai.tech/md/arch/æ°æ®åºæ¶æ.html]
[www.pdai.tech/md/arch/split-table.html]
[www.pdai.tech/md/arch/cacheç¸å³.html]
[www.pdai.tech/md/arch/cache-summary.html]
[www.pdai.tech/md/arch/ç¼å­æ¶æä¹é²éªå´©è®¾è®¡.html]
[www.pdai.tech/md/arch/å¦ä½è®¾è®¡APIçéæµ.html]
[www.pdai.tech/md/arch/æ°å­ç­¾å.html]
[www.pdai.tech/md/arch/éæºå¶.html]
[www.pdai.tech/md/arch/åå¸å¼é.html]
[www.pdai.tech/md/arch/lock-zk.html]
[www.pdai.tech/md/arch/lock-db.html]
[www.pdai.tech/md/arch/æ§è½ä¼åä¹Qps.html]
[www.pdai.tech/md/arch/æ¶æå¸çèè´£ä¸æè.html]
[www.pdai.tech/assets/js/36.a7bc9db5.js]
[github.com/vinta/pangu.js]
[i.imgur.com/92ztcCd.png]
